Archive member included to satisfy reference by file (symbol)

c:/program files (x86)/gcc-arm-none-eabi-10.3-2021.10-win32/gcc-arm-none-eabi-10.3-2021.10/bin/../lib/gcc/arm-none-eabi/10.3.1/../../../../arm-none-eabi/lib/thumb/v7-m/nofp\libc_nano.a(lib_a-atof.o)
                              build/l70.o (atof)
c:/program files (x86)/gcc-arm-none-eabi-10.3-2021.10-win32/gcc-arm-none-eabi-10.3-2021.10/bin/../lib/gcc/arm-none-eabi/10.3.1/../../../../arm-none-eabi/lib/thumb/v7-m/nofp\libc_nano.a(lib_a-exit.o)
                              c:/program files (x86)/gcc-arm-none-eabi-10.3-2021.10-win32/gcc-arm-none-eabi-10.3-2021.10/bin/../lib/gcc/arm-none-eabi/10.3.1/../../../../arm-none-eabi/lib/thumb/v7-m/nofp/crt0.o (exit)
c:/program files (x86)/gcc-arm-none-eabi-10.3-2021.10-win32/gcc-arm-none-eabi-10.3-2021.10/bin/../lib/gcc/arm-none-eabi/10.3.1/../../../../arm-none-eabi/lib/thumb/v7-m/nofp\libc_nano.a(lib_a-impure.o)
                              c:/program files (x86)/gcc-arm-none-eabi-10.3-2021.10-win32/gcc-arm-none-eabi-10.3-2021.10/bin/../lib/gcc/arm-none-eabi/10.3.1/../../../../arm-none-eabi/lib/thumb/v7-m/nofp\libc_nano.a(lib_a-exit.o) (_global_impure_ptr)
c:/program files (x86)/gcc-arm-none-eabi-10.3-2021.10-win32/gcc-arm-none-eabi-10.3-2021.10/bin/../lib/gcc/arm-none-eabi/10.3.1/../../../../arm-none-eabi/lib/thumb/v7-m/nofp\libc_nano.a(lib_a-init.o)
                              c:/program files (x86)/gcc-arm-none-eabi-10.3-2021.10-win32/gcc-arm-none-eabi-10.3-2021.10/bin/../lib/gcc/arm-none-eabi/10.3.1/../../../../arm-none-eabi/lib/thumb/v7-m/nofp/crt0.o (__libc_init_array)
c:/program files (x86)/gcc-arm-none-eabi-10.3-2021.10-win32/gcc-arm-none-eabi-10.3-2021.10/bin/../lib/gcc/arm-none-eabi/10.3.1/../../../../arm-none-eabi/lib/thumb/v7-m/nofp\libc_nano.a(lib_a-memcpy-stub.o)
                              build/MQTTPacket.o (memcpy)
c:/program files (x86)/gcc-arm-none-eabi-10.3-2021.10-win32/gcc-arm-none-eabi-10.3-2021.10/bin/../lib/gcc/arm-none-eabi/10.3.1/../../../../arm-none-eabi/lib/thumb/v7-m/nofp\libc_nano.a(lib_a-memset.o)
                              c:/program files (x86)/gcc-arm-none-eabi-10.3-2021.10-win32/gcc-arm-none-eabi-10.3-2021.10/bin/../lib/gcc/arm-none-eabi/10.3.1/../../../../arm-none-eabi/lib/thumb/v7-m/nofp/crt0.o (memset)
c:/program files (x86)/gcc-arm-none-eabi-10.3-2021.10-win32/gcc-arm-none-eabi-10.3-2021.10/bin/../lib/gcc/arm-none-eabi/10.3.1/../../../../arm-none-eabi/lib/thumb/v7-m/nofp\libc_nano.a(lib_a-snprintf.o)
                              build/MQTTFormat.o (snprintf)
c:/program files (x86)/gcc-arm-none-eabi-10.3-2021.10-win32/gcc-arm-none-eabi-10.3-2021.10/bin/../lib/gcc/arm-none-eabi/10.3.1/../../../../arm-none-eabi/lib/thumb/v7-m/nofp\libc_nano.a(lib_a-sprintf.o)
                              build/MQTTSim800.o (sprintf)
c:/program files (x86)/gcc-arm-none-eabi-10.3-2021.10-win32/gcc-arm-none-eabi-10.3-2021.10/bin/../lib/gcc/arm-none-eabi/10.3.1/../../../../arm-none-eabi/lib/thumb/v7-m/nofp\libc_nano.a(lib_a-sscanf.o)
                              build/l70.o (sscanf)
c:/program files (x86)/gcc-arm-none-eabi-10.3-2021.10-win32/gcc-arm-none-eabi-10.3-2021.10/bin/../lib/gcc/arm-none-eabi/10.3.1/../../../../arm-none-eabi/lib/thumb/v7-m/nofp\libc_nano.a(lib_a-stdio.o)
                              c:/program files (x86)/gcc-arm-none-eabi-10.3-2021.10-win32/gcc-arm-none-eabi-10.3-2021.10/bin/../lib/gcc/arm-none-eabi/10.3.1/../../../../arm-none-eabi/lib/thumb/v7-m/nofp\libc_nano.a(lib_a-sscanf.o) (__seofread)
c:/program files (x86)/gcc-arm-none-eabi-10.3-2021.10-win32/gcc-arm-none-eabi-10.3-2021.10/bin/../lib/gcc/arm-none-eabi/10.3.1/../../../../arm-none-eabi/lib/thumb/v7-m/nofp\libc_nano.a(lib_a-strchr.o)
                              build/MQTTSim800.o (strchr)
c:/program files (x86)/gcc-arm-none-eabi-10.3-2021.10-win32/gcc-arm-none-eabi-10.3-2021.10/bin/../lib/gcc/arm-none-eabi/10.3.1/../../../../arm-none-eabi/lib/thumb/v7-m/nofp\libc_nano.a(lib_a-strlen.o)
                              build/MQTTPacket.o (strlen)
c:/program files (x86)/gcc-arm-none-eabi-10.3-2021.10-win32/gcc-arm-none-eabi-10.3-2021.10/bin/../lib/gcc/arm-none-eabi/10.3.1/../../../../arm-none-eabi/lib/thumb/v7-m/nofp\libc_nano.a(lib_a-strncmp.o)
                              build/MQTTPacket.o (strncmp)
c:/program files (x86)/gcc-arm-none-eabi-10.3-2021.10-win32/gcc-arm-none-eabi-10.3-2021.10/bin/../lib/gcc/arm-none-eabi/10.3.1/../../../../arm-none-eabi/lib/thumb/v7-m/nofp\libc_nano.a(lib_a-strstr.o)
                              build/l70.o (strstr)
c:/program files (x86)/gcc-arm-none-eabi-10.3-2021.10-win32/gcc-arm-none-eabi-10.3-2021.10/bin/../lib/gcc/arm-none-eabi/10.3.1/../../../../arm-none-eabi/lib/thumb/v7-m/nofp\libc_nano.a(lib_a-strtod.o)
[...]
Memory Configuration

Name             Origin             Length             Attributes
RAM              0x20000000         0x00005000         xrw
FLASH            0x08000000         0x00010000         xr
*default*        0x00000000         0xffffffff

Linker script and memory map

LOAD c:/program files (x86)/gcc-arm-none-eabi-10.3-2021.10-win32/gcc-arm-none-eabi-10.3-2021.10/bin/../lib/gcc/arm-none-eabi/10.3.1/thumb/v7-m/nofp/crti.o
LOAD c:/program files (x86)/gcc-arm-none-eabi-10.3-2021.10-win32/gcc-arm-none-eabi-10.3-2021.10/bin/../lib/gcc/arm-none-eabi/10.3.1/thumb/v7-m/nofp/crtbegin.o
LOAD c:/program files (x86)/gcc-arm-none-eabi-10.3-2021.10-win32/gcc-arm-none-eabi-10.3-2021.10/bin/../lib/gcc/arm-none-eabi/10.3.1/../../../../arm-none-eabi/lib/thumb/v7-m/nofp/crt0.o
LOAD build/main.o
LOAD build/gpio.o
LOAD build/l70.o
LOAD build/MQTTConnectClient.o
LOAD build/MQTTDeserializePublish.o
LOAD build/MQTTFormat.o
LOAD build/MQTTPacket.o
LOAD build/MQTTSerializePublish.o
LOAD build/MQTTSim800.o
LOAD build/MQTTSubscribeClient.o
LOAD build/MQTTUnsubscribeClient.o
LOAD build/usart.o
LOAD build/stm32f1xx_it.o
LOAD build/stm32f1xx_hal_msp.o
LOAD build/stm32f1xx_hal_timebase_tim.o
LOAD build/stm32f1xx_hal_gpio_ex.o
LOAD build/stm32f1xx_hal_tim.o
LOAD build/stm32f1xx_hal_tim_ex.o
LOAD build/stm32f1xx_hal_uart.o
LOAD build/stm32f1xx_hal.o
LOAD build/stm32f1xx_hal_rcc.o
LOAD build/stm32f1xx_hal_rcc_ex.o
LOAD build/stm32f1xx_hal_gpio.o
LOAD build/stm32f1xx_hal_dma.o
LOAD build/stm32f1xx_hal_cortex.o
LOAD build/stm32f1xx_hal_pwr.o
LOAD build/stm32f1xx_hal_flash.o
LOAD build/stm32f1xx_hal_flash_ex.o
LOAD build/stm32f1xx_hal_exti.o
LOAD build/system_stm32f1xx.o
LOAD build/freertos.o
LOAD build/croutine.o
LOAD build/event_groups.o
LOAD build/list.o
LOAD build/queue.o
LOAD build/stream_buffer.o
LOAD build/tasks.o
LOAD build/timers.o
LOAD build/cmsis_os2.o
LOAD build/heap_4.o
LOAD build/port.o
LOAD build/adc.o
LOAD build/stm32f1xx_hal_adc.o
LOAD build/stm32f1xx_hal_adc_ex.o
LOAD build/startup_stm32f103xb.o
LOAD c:/program files (x86)/gcc-arm-none-eabi-10.3-2021.10-win32/gcc-arm-none-eabi-10.3-2021.10/bin/../lib/gcc/arm-none-eabi/10.3.1/../../../../arm-none-eabi/lib/thumb/v7-m/nofp\libc_nano.a
LOAD c:/program files (x86)/gcc-arm-none-eabi-10.3-2021.10-win32/gcc-arm-none-eabi-10.3-2021.10/bin/../lib/gcc/arm-none-eabi/10.3.1/../../../../arm-none-eabi/lib/thumb/v7-m/nofp\libm.a
LOAD c:/program files (x86)/gcc-arm-none-eabi-10.3-2021.10-win32/gcc-arm-none-eabi-10.3-2021.10/bin/../lib/gcc/arm-none-eabi/10.3.1/../../../../arm-none-eabi/lib/thumb/v7-m/nofp\libnosys.a
START GROUP
LOAD c:/program files (x86)/gcc-arm-none-eabi-10.3-2021.10-win32/gcc-arm-none-eabi-10.3-2021.10/bin/../lib/gcc/arm-none-eabi/10.3.1/thumb/v7-m/nofp\libgcc.a
LOAD c:/program files (x86)/gcc-arm-none-eabi-10.3-2021.10-win32/gcc-arm-none-eabi-10.3-2021.10/bin/../lib/gcc/arm-none-eabi/10.3.1/../../../../arm-none-eabi/lib/thumb/v7-m/nofp\libc_nano.a
END GROUP
START GROUP
LOAD c:/program files (x86)/gcc-arm-none-eabi-10.3-2021.10-win32/gcc-arm-none-eabi-10.3-2021.10/bin/../lib/gcc/arm-none-eabi/10.3.1/thumb/v7-m/nofp\libgcc.a
LOAD c:/program files (x86)/gcc-arm-none-eabi-10.3-2021.10-win32/gcc-arm-none-eabi-10.3-2021.10/bin/../lib/gcc/arm-none-eabi/10.3.1/../../../../arm-none-eabi/lib/thumb/v7-m/nofp\libc_nano.a
END GROUP
LOAD c:/program files (x86)/gcc-arm-none-eabi-10.3-2021.10-win32/gcc-arm-none-eabi-10.3-2021.10/bin/../lib/gcc/arm-none-eabi/10.3.1/thumb/v7-m/nofp/crtend.o
LOAD c:/program files (x86)/gcc-arm-none-eabi-10.3-2021.10-win32/gcc-arm-none-eabi-10.3-2021.10/bin/../lib/gcc/arm-none-eabi/10.3.1/thumb/v7-m/nofp/crtn.o
                0x20005000                _estack = 0x20005000
                0x00000200                _Min_Heap_Size = 0x200
                0x00000400                _Min_Stack_Size = 0x400

.isr_vector     0x08000000      0x10c
                0x08000000                . = ALIGN (0x4)
 *(.isr_vector)
 .isr_vector    0x08000000      0x10c build/startup_stm32f103xb.o
                0x08000000                g_pfnVectors
                0x0800010c                . = ALIGN (0x4)

.text           0x08000110     0x9734
                0x08000110                . = ALIGN (0x4)
 *(.text)
 .text          0x08000110       0x40 c:/program files (x86)/gcc-arm-none-eabi-10.3-2021.10-win32/gcc-arm-none-eabi-10.3-2021.10/bin/../lib/gcc/arm-none-eabi/10.3.1/thumb/v7-m/nofp/crtbegin.o
 .text          0x08000150       0x10 c:/program files (x86)/gcc-arm-none-eabi-10.3-2021.10-win32/gcc-arm-none-eabi-10.3-2021.10/bin/../lib/gcc/arm-none-eabi/10.3.1/../../../../arm-none-eabi/lib/thumb/v7-m/nofp\libc_nano.a(lib_a-strlen.o)
                0x08000150                strlen
 .text          0x08000160      0x378 c:/program files (x86)/gcc-arm-none-eabi-10.3-2021.10-win32/gcc-arm-none-eabi-10.3-2021.10/bin/../lib/gcc/arm-none-eabi/10.3.1/thumb/v7-m/nofp\libgcc.a(_arm_addsubdf3.o)
                0x08000160                __aeabi_drsub
                0x08000168                __aeabi_dsub
                0x08000168                __subdf3
                0x0800016c                __aeabi_dadd
                0x0800016c                __adddf3
                0x080003e4                __floatunsidf
                0x080003e4                __aeabi_ui2d
                0x08000404                __floatsidf
                0x08000404                __aeabi_i2d
                0x08000428                __aeabi_f2d
                0x08000428                __extendsfdf2
                0x0800046c                __floatundidf
                0x0800046c                __aeabi_ul2d
                0x0800047c                __floatdidf
                0x0800047c                __aeabi_l2d
 .text          0x080004d8      0x424 c:/program files (x86)/gcc-arm-none-eabi-10.3-2021.10-win32/gcc-arm-none-eabi-10.3-2021.10/bin/../lib/gcc/arm-none-eabi/10.3.1/thumb/v7-m/nofp\libgcc.a(_arm_muldivdf3.o)
                0x080004d8                __aeabi_dmul
                0x080004d8                __muldf3
                0x0800072c                __divdf3
                0x0800072c                __aeabi_ddiv
 .text          0x080008fc      0x110 c:/program files (x86)/gcc-arm-none-eabi-10.3-2021.10-win32/gcc-arm-none-eabi-10.3-2021.10/bin/../lib/gcc/arm-none-eabi/10.3.1/thumb/v7-m/nofp\libgcc.a(_arm_cmpdf2.o)
                0x080008fc                __gtdf2
                0x080008fc                __gedf2
                0x08000904                __ltdf2
                0x08000904                __ledf2
                0x0800090c                __nedf2
                0x0800090c                __eqdf2
                0x0800090c                __cmpdf2
                0x08000988                __aeabi_cdrcmple
                0x08000998                __aeabi_cdcmpeq
                0x08000998                __aeabi_cdcmple
                0x080009a8                __aeabi_dcmpeq
                0x080009bc                __aeabi_dcmplt
                0x080009d0                __aeabi_dcmple
                0x080009e4                __aeabi_dcmpge
                0x080009f8                __aeabi_dcmpgt
 .text          0x08000a0c       0x2c c:/program files (x86)/gcc-arm-none-eabi-10.3-2021.10-win32/gcc-arm-none-eabi-10.3-2021.10/bin/../lib/gcc/arm-none-eabi/10.3.1/thumb/v7-m/nofp\libgcc.a(_arm_unorddf2.o)
                0x08000a0c                __unorddf2
                0x08000a0c                __aeabi_dcmpun
 .text          0x08000a38       0x50 c:/program files (x86)/gcc-arm-none-eabi-10.3-2021.10-win32/gcc-arm-none-eabi-10.3-2021.10/bin/../lib/gcc/arm-none-eabi/10.3.1/thumb/v7-m/nofp\libgcc.a(_arm_fixdfsi.o)
                0x08000a38                __aeabi_d2iz
                0x08000a38                __fixdfsi
 .text          0x08000a88       0x40 c:/program files (x86)/gcc-arm-none-eabi-10.3-2021.10-win32/gcc-arm-none-eabi-10.3-2021.10/bin/../lib/gcc/arm-none-eabi/10.3.1/thumb/v7-m/nofp\libgcc.a(_arm_fixunsdfsi.o)
                0x08000a88                __aeabi_d2uiz
                0x08000a88                __fixunsdfsi
 .text          0x08000ac8       0x34 c:/program files (x86)/gcc-arm-none-eabi-10.3-2021.10-win32/gcc-arm-none-eabi-10.3-2021.10/bin/../lib/gcc/arm-none-eabi/10.3.1/thumb/v7-m/nofp\libgcc.a(_fixdfdi.o)
                0x08000ac8                __fixdfdi
                0x08000ac8                __aeabi_d2lz
 .text          0x08000afc       0x3c c:/program files (x86)/gcc-arm-none-eabi-10.3-2021.10-win32/gcc-arm-none-eabi-10.3-2021.10/bin/../lib/gcc/arm-none-eabi/10.3.1/thumb/v7-m/nofp\libgcc.a(_fixunsdfdi.o)
                0x08000afc                __fixunsdfdi
                0x08000afc                __aeabi_d2ulz
 *(.text*)
 .text.HAL_UART_RxCpltCallback
                0x08000b38       0x24 build/main.o
                0x08000b38                HAL_UART_RxCpltCallback
 .text.HAL_TIM_PeriodElapsedCallback
                0x08000b5c       0x18 build/main.o
                0x08000b5c                HAL_TIM_PeriodElapsedCallback
 .text.Error_Handler
                0x08000b74        0x4 build/main.o
                0x08000b74                Error_Handler
 .text.SystemClock_Config
                0x08000b78       0x7c build/main.o
                0x08000b78                SystemClock_Config
 .text.main     0x08000bf4       0x2c build/main.o
                0x08000bf4                main
 .text.MX_GPIO_Init
                0x08000c20       0x44 build/gpio.o
                0x08000c20                MX_GPIO_Init
 .text.reverse  0x08000c64       0x1c build/l70.o
                0x08000c64                reverse
 .text.intToStr
                0x08000c80       0x4c build/l70.o
                0x08000c80                intToStr
 .text.ftoa     0x08000ccc       0x70 build/l70.o
                0x08000ccc                ftoa
 .text.l70_callback
                0x08000d3c       0x90 build/l70.o
                0x08000d3c                l70_callback
 .text.l70_receiveGPS
                0x08000dcc       0x40 build/l70.o
                0x08000dcc                l70_receiveGPS
 .text.l70_handleGPS
                0x08000e0c      0x140 build/l70.o
                0x08000e0c                l70_handleGPS
 .text.MQTTDeserialize_publish
                0x08000f4c       0x92 build/MQTTDeserializePublish.o
                0x08000f4c                MQTTDeserialize_publish
 *fill*         0x08000fde        0x2 
 .text.bufchar  0x08000fe0       0x2c build/MQTTPacket.o
                0x08000fe0                bufchar
 .text.MQTTPacket_decode
                0x0800100c       0x40 build/MQTTPacket.o
                0x0800100c                MQTTPacket_decode
 .text.MQTTPacket_decodeBuf
                0x0800104c       0x18 build/MQTTPacket.o
                0x0800104c                MQTTPacket_decodeBuf
 .text.readInt  0x08001064       0x10 build/MQTTPacket.o
                0x08001064                readInt
 .text.readChar
                0x08001074        0xc build/MQTTPacket.o
                0x08001074                readChar
 .text.readMQTTLenString
                0x08001080       0x34 build/MQTTPacket.o
                0x08001080                readMQTTLenString
 .text.clearRxBuffer
                0x080010b4       0x1c build/MQTTSim800.o
                0x080010b4                clearRxBuffer
 .text.clearMqttBuffer
                0x080010d0       0x24 build/MQTTSim800.o
                0x080010d0                clearMqttBuffer
 .text.SIM800_SendCommand
                0x080010f4       0x40 build/MQTTSim800.o
                0x080010f4                SIM800_SendCommand
 .text.MQTT_Receive
                0x08001134       0x70 build/MQTTSim800.o
                0x08001134                MQTT_Receive
 .text.Sim800_RxCallBack
                0x080011a4      0x168 build/MQTTSim800.o
                0x080011a4                Sim800_RxCallBack
 .text.MX_USART1_UART_Init
                0x0800130c       0x34 build/usart.o
                0x0800130c                MX_USART1_UART_Init
 .text.MX_USART2_UART_Init
                0x08001340       0x34 build/usart.o
                0x08001340                MX_USART2_UART_Init
 .text.MX_USART3_UART_Init
                0x08001374       0x34 build/usart.o
                0x08001374                MX_USART3_UART_Init
 .text.HAL_UART_MspInit
                0x080013a8      0x148 build/usart.o
                0x080013a8                HAL_UART_MspInit
 .text.NMI_Handler
                0x080014f0        0x2 build/stm32f1xx_it.o
                0x080014f0                NMI_Handler
 .text.HardFault_Handler
                0x080014f2        0x2 build/stm32f1xx_it.o
                0x080014f2                HardFault_Handler
 .text.MemManage_Handler
                0x080014f4        0x2 build/stm32f1xx_it.o
                0x080014f4                MemManage_Handler
 .text.BusFault_Handler
                0x080014f6        0x2 build/stm32f1xx_it.o
                0x080014f6                BusFault_Handler
 .text.UsageFault_Handler
                0x080014f8        0x2 build/stm32f1xx_it.o
                0x080014f8                UsageFault_Handler
 .text.DebugMon_Handler
                0x080014fa        0x2 build/stm32f1xx_it.o
                0x080014fa                DebugMon_Handler
 .text.TIM1_UP_IRQHandler
                0x080014fc       0x10 build/stm32f1xx_it.o
                0x080014fc                TIM1_UP_IRQHandler
 .text.USART2_IRQHandler
                0x0800150c       0x10 build/stm32f1xx_it.o
                0x0800150c                USART2_IRQHandler
 .text.HAL_MspInit
                0x0800151c       0x54 build/stm32f1xx_hal_msp.o
                0x0800151c                HAL_MspInit
 .text.HAL_InitTick
                0x08001570       0x78 build/stm32f1xx_hal_timebase_tim.o
                0x08001570                HAL_InitTick
 .text.HAL_TIM_Base_MspInit
                0x080015e8        0x2 build/stm32f1xx_hal_tim.o
                0x080015e8                HAL_TIM_Base_MspInit
 *fill*         0x080015ea        0x2 
 .text.HAL_TIM_Base_Start_IT
                0x080015ec       0x68 build/stm32f1xx_hal_tim.o
                0x080015ec                HAL_TIM_Base_Start_IT
 .text.HAL_TIM_OC_DelayElapsedCallback
                0x08001654        0x2 build/stm32f1xx_hal_tim.o
                0x08001654                HAL_TIM_OC_DelayElapsedCallback
 .text.HAL_TIM_IC_CaptureCallback
                0x08001656        0x2 build/stm32f1xx_hal_tim.o
                0x08001656                HAL_TIM_IC_CaptureCallback
 .text.HAL_TIM_PWM_PulseFinishedCallback
                0x08001658        0x2 build/stm32f1xx_hal_tim.o
                0x08001658                HAL_TIM_PWM_PulseFinishedCallback
 .text.HAL_TIM_TriggerCallback
                0x0800165a        0x2 build/stm32f1xx_hal_tim.o
                0x0800165a                HAL_TIM_TriggerCallback
 .text.HAL_TIM_IRQHandler
                0x0800165c      0x17a build/stm32f1xx_hal_tim.o
                0x0800165c                HAL_TIM_IRQHandler
 *fill*         0x080017d6        0x2 
 .text.TIM_Base_SetConfig
                0x080017d8       0x74 build/stm32f1xx_hal_tim.o
                0x080017d8                TIM_Base_SetConfig
 .text.HAL_TIM_Base_Init
                0x0800184c       0x58 build/stm32f1xx_hal_tim.o
                0x0800184c                HAL_TIM_Base_Init
 .text.HAL_TIMEx_CommutCallback
                0x080018a4        0x2 build/stm32f1xx_hal_tim_ex.o
                0x080018a4                HAL_TIMEx_CommutCallback
 .text.HAL_TIMEx_BreakCallback
                0x080018a6        0x2 build/stm32f1xx_hal_tim_ex.o
                0x080018a6                HAL_TIMEx_BreakCallback
 .text.UART_EndRxTransfer
                0x080018a8       0x32 build/stm32f1xx_hal_uart.o
 .text.UART_Transmit_IT
                0x080018da       0x60 build/stm32f1xx_hal_uart.o
 *fill*         0x0800193a        0x2 
 .text.UART_SetConfig
                0x0800193c       0x94 build/stm32f1xx_hal_uart.o
 .text.HAL_UART_Init
                0x080019d0       0x5e build/stm32f1xx_hal_uart.o
                0x080019d0                HAL_UART_Init
 .text.HAL_UART_Transmit_IT
                0x08001a2e       0x4e build/stm32f1xx_hal_uart.o
                0x08001a2e                HAL_UART_Transmit_IT
 .text.HAL_UART_TxCpltCallback
                0x08001a7c        0x2 build/stm32f1xx_hal_uart.o
                0x08001a7c                HAL_UART_TxCpltCallback
 .text.UART_EndTransmit_IT
                0x08001a7e       0x1a build/stm32f1xx_hal_uart.o
 .text.HAL_UART_ErrorCallback
                0x08001a98        0x2 build/stm32f1xx_hal_uart.o
                0x08001a98                HAL_UART_ErrorCallback
 .text.UART_DMAAbortOnError
                0x08001a9a       0x10 build/stm32f1xx_hal_uart.o
 .text.HAL_UARTEx_RxEventCallback
                0x08001aaa        0x2 build/stm32f1xx_hal_uart.o
                0x08001aaa                HAL_UARTEx_RxEventCallback
 .text.UART_Receive_IT
                0x08001aac       0xd4 build/stm32f1xx_hal_uart.o
 .text.HAL_UART_IRQHandler
                0x08001b80      0x204 build/stm32f1xx_hal_uart.o
                0x08001b80                HAL_UART_IRQHandler
 .text.UART_Start_Receive_IT
                0x08001d84       0x36 build/stm32f1xx_hal_uart.o
                0x08001d84                UART_Start_Receive_IT
 .text.HAL_UART_Receive_IT
                0x08001dba       0x38 build/stm32f1xx_hal_uart.o
                0x08001dba                HAL_UART_Receive_IT
 *fill*         0x08001df2        0x2 
 .text.HAL_Init
                0x08001df4       0x24 build/stm32f1xx_hal.o
                0x08001df4                HAL_Init
 .text.HAL_IncTick
                0x08001e18       0x18 build/stm32f1xx_hal.o
                0x08001e18                HAL_IncTick
 .text.HAL_GetTick
                0x08001e30        0xc build/stm32f1xx_hal.o
                0x08001e30                HAL_GetTick
 .text.RCC_Delay
                0x08001e3c       0x2c build/stm32f1xx_hal_rcc.o
 .text.HAL_RCC_OscConfig
                0x08001e68      0x410 build/stm32f1xx_hal_rcc.o
                0x08001e68                HAL_RCC_OscConfig
 .text.HAL_RCC_GetSysClockFreq
                0x08002278       0x70 build/stm32f1xx_hal_rcc.o
                0x08002278                HAL_RCC_GetSysClockFreq
 .text.HAL_RCC_ClockConfig
                0x080022e8      0x16c build/stm32f1xx_hal_rcc.o
                0x080022e8                HAL_RCC_ClockConfig
 .text.HAL_RCC_GetHCLKFreq
                0x08002454        0xc build/stm32f1xx_hal_rcc.o
                0x08002454                HAL_RCC_GetHCLKFreq
 .text.HAL_RCC_GetPCLK1Freq
                0x08002460       0x20 build/stm32f1xx_hal_rcc.o
                0x08002460                HAL_RCC_GetPCLK1Freq
 .text.HAL_RCC_GetPCLK2Freq
                0x08002480       0x20 build/stm32f1xx_hal_rcc.o
                0x08002480                HAL_RCC_GetPCLK2Freq
 .text.HAL_RCC_GetClockConfig
                0x080024a0       0x3c build/stm32f1xx_hal_rcc.o
                0x080024a0                HAL_RCC_GetClockConfig
 .text.HAL_RCCEx_PeriphCLKConfig
                0x080024dc      0x118 build/stm32f1xx_hal_rcc_ex.o
                0x080024dc                HAL_RCCEx_PeriphCLKConfig
 .text.HAL_GPIO_Init
                0x080025f4      0x224 build/stm32f1xx_hal_gpio.o
                0x080025f4                HAL_GPIO_Init
 .text.HAL_DMA_Abort
                0x08002818       0x44 build/stm32f1xx_hal_dma.o
                0x08002818                HAL_DMA_Abort
 .text.HAL_DMA_Abort_IT
                0x0800285c       0x98 build/stm32f1xx_hal_dma.o
                0x0800285c                HAL_DMA_Abort_IT
 .text.HAL_NVIC_SetPriorityGrouping
                0x080028f4       0x24 build/stm32f1xx_hal_cortex.o
                0x080028f4                HAL_NVIC_SetPriorityGrouping
 .text.HAL_NVIC_SetPriority
                0x08002918       0x70 build/stm32f1xx_hal_cortex.o
                0x08002918                HAL_NVIC_SetPriority
 .text.HAL_NVIC_EnableIRQ
                0x08002988       0x1c build/stm32f1xx_hal_cortex.o
                0x08002988                HAL_NVIC_EnableIRQ
 .text.SystemInit
                0x080029a4        0x2 build/system_stm32f1xx.o
                0x080029a4                SystemInit
 *fill*         0x080029a6        0x2 
 .text.vTaskSendSMS
                0x080029a8       0x8c build/freertos.o
                0x080029a8                vTaskSendSMS
 .text.vTaskReceiveGPS
                0x08002a34       0x70 build/freertos.o
                0x08002a34                vTaskReceiveGPS
 .text.MX_FREERTOS_Init
                0x08002aa4       0x7c build/freertos.o
                0x08002aa4                MX_FREERTOS_Init
 .text.prvTestWaitCondition
                0x08002b20       0x1c build/event_groups.o
 .text.xEventGroupCreate
                0x08002b3c       0x1c build/event_groups.o
                0x08002b3c                xEventGroupCreate
 .text.xEventGroupWaitBits
                0x08002b58      0x108 build/event_groups.o
                0x08002b58                xEventGroupWaitBits
 .text.xEventGroupSetBits
                0x08002c60       0x8c build/event_groups.o
                0x08002c60                xEventGroupSetBits
 .text.vListInitialise
                0x08002cec       0x16 build/list.o
                0x08002cec                vListInitialise
 .text.vListInitialiseItem
                0x08002d02        0x6 build/list.o
                0x08002d02                vListInitialiseItem
 .text.vListInsertEnd
                0x08002d08       0x16 build/list.o
                0x08002d08                vListInsertEnd
 .text.vListInsert
                0x08002d1e       0x32 build/list.o
                0x08002d1e                vListInsert
 .text.uxListRemove
                0x08002d50       0x26 build/list.o
                0x08002d50                uxListRemove
 .text.prvIsQueueFull
                0x08002d76       0x1e build/queue.o
 .text.prvIsQueueEmpty
                0x08002d94       0x1a build/queue.o
 .text.prvCopyDataToQueue
                0x08002dae       0x76 build/queue.o
 .text.prvCopyDataFromQueue
                0x08002e24       0x24 build/queue.o
 .text.prvUnlockQueue
                0x08002e48       0x6e build/queue.o
 .text.xQueueGenericReset
                0x08002eb6       0x84 build/queue.o
                0x08002eb6                xQueueGenericReset
 .text.prvInitialiseNewQueue
                0x08002f3a       0x22 build/queue.o
 .text.xQueueGenericCreateStatic
                0x08002f5c       0x92 build/queue.o
                0x08002f5c                xQueueGenericCreateStatic
 .text.xQueueGenericCreate
                0x08002fee       0x4e build/queue.o
                0x08002fee                xQueueGenericCreate
 .text.xQueueGenericSend
                0x0800303c      0x188 build/queue.o
                0x0800303c                xQueueGenericSend
 .text.xQueueGenericSendFromISR
                0x080031c4       0xcc build/queue.o
                0x080031c4                xQueueGenericSendFromISR
 .text.xQueueReceive
                0x08003290      0x15e build/queue.o
                0x08003290                xQueueReceive
 *fill*         0x080033ee        0x2 
 .text.vQueueAddToRegistry
                0x080033f0       0x28 build/queue.o
                0x080033f0                vQueueAddToRegistry
 .text.vQueueWaitForMessageRestricted
                0x08003418       0x52 build/queue.o
                0x08003418                vQueueWaitForMessageRestricted
 *fill*         0x0800346a        0x2 
 .text.prvResetNextTaskUnblockTime
                0x0800346c       0x2c build/tasks.o
 .text.prvInitialiseNewTask
                0x08003498       0x9c build/tasks.o
 .text.prvInitialiseTaskLists
                0x08003534       0x68 build/tasks.o
 .text.prvAddNewTaskToReadyList
                0x0800359c       0xac build/tasks.o
 .text.prvDeleteTCB
                0x08003648       0x38 build/tasks.o
 .text.prvCheckTasksWaitingTermination
                0x08003680       0x4c build/tasks.o
 .text.prvIdleTask
                0x080036cc       0x28 build/tasks.o
 .text.prvAddCurrentTaskToDelayedList
                0x080036f4       0x7c build/tasks.o
 .text.xTaskCreateStatic
                0x08003770       0x74 build/tasks.o
                0x08003770                xTaskCreateStatic
 .text.xTaskCreate
                0x080037e4       0x68 build/tasks.o
                0x080037e4                xTaskCreate
 .text.vTaskStartScheduler
                0x0800384c       0x9c build/tasks.o
                0x0800384c                vTaskStartScheduler
 .text.vTaskSuspendAll
                0x080038e8       0x10 build/tasks.o
                0x080038e8                vTaskSuspendAll
 .text.xTaskGetTickCount
                0x080038f8        0xc build/tasks.o
                0x080038f8                xTaskGetTickCount
 .text.xTaskIncrementTick
                0x08003904      0x118 build/tasks.o
                0x08003904                xTaskIncrementTick
 .text.xTaskResumeAll
                0x08003a1c       0xf8 build/tasks.o
                0x08003a1c                xTaskResumeAll
 .text.vTaskDelay
                0x08003b14       0x4c build/tasks.o
                0x08003b14                vTaskDelay
 .text.vTaskSwitchContext
                0x08003b60       0x94 build/tasks.o
                0x08003b60                vTaskSwitchContext
 .text.vTaskSuspend
                0x08003bf4       0xc4 build/tasks.o
                0x08003bf4                vTaskSuspend
 .text.vTaskPlaceOnEventList
                0x08003cb8       0x30 build/tasks.o
                0x08003cb8                vTaskPlaceOnEventList
 .text.vTaskPlaceOnUnorderedEventList
                0x08003ce8       0x58 build/tasks.o
                0x08003ce8                vTaskPlaceOnUnorderedEventList
 .text.vTaskPlaceOnEventListRestricted
                0x08003d40       0x38 build/tasks.o
                0x08003d40                vTaskPlaceOnEventListRestricted
 .text.xTaskRemoveFromEventList
                0x08003d78       0x8c build/tasks.o
                0x08003d78                xTaskRemoveFromEventList
 .text.vTaskRemoveFromUnorderedEventList
                0x08003e04       0x88 build/tasks.o
                0x08003e04                vTaskRemoveFromUnorderedEventList
 .text.vTaskInternalSetTimeOutState
                0x08003e8c       0x18 build/tasks.o
                0x08003e8c                vTaskInternalSetTimeOutState
 .text.xTaskCheckForTimeOut
                0x08003ea4       0x84 build/tasks.o
                0x08003ea4                xTaskCheckForTimeOut
 .text.vTaskMissedYield
                0x08003f28        0xc build/tasks.o
                0x08003f28                vTaskMissedYield
 .text.xTaskGetSchedulerState
                0x08003f34       0x20 build/tasks.o
                0x08003f34                xTaskGetSchedulerState
 .text.xTaskPriorityDisinherit
                0x08003f54       0x90 build/tasks.o
                0x08003f54                xTaskPriorityDisinherit
 .text.uxTaskResetEventItemValue
                0x08003fe4       0x18 build/tasks.o
                0x08003fe4                uxTaskResetEventItemValue
 .text.prvGetNextExpireTime
                0x08003ffc       0x20 build/timers.o
 .text.prvInsertTimerInActiveList
                0x0800401c       0x48 build/timers.o
 .text.prvCheckForValidListAndQueue
                0x08004064       0x70 build/timers.o
 .text.xTimerCreateTimerTask
                0x080040d4       0x64 build/timers.o
                0x080040d4                xTimerCreateTimerTask
 .text.xTimerGenericCommand
                0x08004138       0x6c build/timers.o
                0x08004138                xTimerGenericCommand
 .text.prvSwitchTimerLists
                0x080041a4       0x78 build/timers.o
 .text.prvSampleTimeNow
                0x0800421c       0x2c build/timers.o
 .text.prvProcessExpiredTimer
                0x08004248       0x60 build/timers.o
 .text.prvProcessTimerOrBlockTask
                0x080042a8       0x74 build/timers.o
 .text.prvProcessReceivedCommands
                0x0800431c       0xf8 build/timers.o
 .text.prvTimerTask
                0x08004414       0x16 build/timers.o
 *fill*         0x0800442a        0x2 
 .text.osKernelInitialize
                0x0800442c       0x44 build/cmsis_os2.o
                0x0800442c                osKernelInitialize
 .text.osKernelStart
                0x08004470       0x4c build/cmsis_os2.o
                0x08004470                osKernelStart
 .text.osDelay  0x080044bc       0x44 build/cmsis_os2.o
                0x080044bc                osDelay
 .text.vApplicationGetIdleTaskMemory
                0x08004500       0x18 build/cmsis_os2.o
                0x08004500                vApplicationGetIdleTaskMemory
 .text.vApplicationGetTimerTaskMemory
                0x08004518       0x18 build/cmsis_os2.o
                0x08004518                vApplicationGetTimerTaskMemory
 .text.prvHeapInit
                0x08004530       0x64 build/heap_4.o
 .text.prvInsertBlockIntoFreeList
                0x08004594       0x60 build/heap_4.o
 .text.pvPortMalloc
                0x080045f4       0xf0 build/heap_4.o
                0x080045f4                pvPortMalloc
 .text.vPortFree
                0x080046e4       0x70 build/heap_4.o
                0x080046e4                vPortFree
 .text.prvTaskExitError
                0x08004754       0x40 build/port.o
 .text.prvPortStartFirstTask
                0x08004794       0x20 build/port.o
 .text.pxPortInitialiseStack
                0x080047b4       0x24 build/port.o
                0x080047b4                pxPortInitialiseStack
 *fill*         0x080047d8        0x8 
 .text.SVC_Handler
                0x080047e0       0x24 build/port.o
                0x080047e0                SVC_Handler
 .text.vPortEnterCritical
                0x08004804       0x44 build/port.o
                0x08004804                vPortEnterCritical
 .text.vPortExitCritical
                0x08004848       0x2c build/port.o
                0x08004848                vPortExitCritical
 *fill*         0x08004874        0xc 
 .text.PendSV_Handler
                0x08004880       0x44 build/port.o
                0x08004880                PendSV_Handler
 .text.SysTick_Handler
                0x080048c4       0x2c build/port.o
                0x080048c4                SysTick_Handler
 .text.vPortSetupTimerInterrupt
                0x080048f0       0x28 build/port.o
                0x080048f0                vPortSetupTimerInterrupt
 .text.xPortStartScheduler
                0x08004918       0xc0 build/port.o
                0x08004918                xPortStartScheduler
 .text.vPortValidateInterruptPriority
                0x080049d8       0x5c build/port.o
                0x080049d8                vPortValidateInterruptPriority
 .text.MX_ADC1_Init
                0x08004a34       0x58 build/adc.o
                0x08004a34                MX_ADC1_Init
 .text.HAL_ADC_MspInit
                0x08004a8c       0x60 build/adc.o
                0x08004a8c                HAL_ADC_MspInit
 .text.HAL_ADC_ConfigChannel
                0x08004aec      0x144 build/stm32f1xx_hal_adc.o
                0x08004aec                HAL_ADC_ConfigChannel
 .text.ADC_ConversionStop_Disable
                0x08004c30       0x56 build/stm32f1xx_hal_adc.o
                0x08004c30                ADC_ConversionStop_Disable
 *fill*         0x08004c86        0x2 
 .text.HAL_ADC_Init
                0x08004c88      0x108 build/stm32f1xx_hal_adc.o
                0x08004c88                HAL_ADC_Init
 .text.Reset_Handler
                0x08004d90       0x48 build/startup_stm32f103xb.o
                0x08004d90                Reset_Handler
 .text.Default_Handler
                0x08004dd8        0x2 build/startup_stm32f103xb.o
                0x08004dd8                RTC_Alarm_IRQHandler
                0x08004dd8                EXTI2_IRQHandler
                0x08004dd8                TIM1_CC_IRQHandler
                0x08004dd8                PVD_IRQHandler
                0x08004dd8                EXTI3_IRQHandler
                0x08004dd8                EXTI0_IRQHandler
                0x08004dd8                I2C2_EV_IRQHandler
                0x08004dd8                ADC1_2_IRQHandler
                0x08004dd8                SPI1_IRQHandler
                0x08004dd8                TAMPER_IRQHandler
                0x08004dd8                DMA1_Channel4_IRQHandler
                0x08004dd8                USART3_IRQHandler
                0x08004dd8                RTC_IRQHandler
                0x08004dd8                DMA1_Channel7_IRQHandler
                0x08004dd8                CAN1_RX1_IRQHandler
                0x08004dd8                TIM4_IRQHandler
                0x08004dd8                I2C1_EV_IRQHandler
                0x08004dd8                DMA1_Channel6_IRQHandler
                0x08004dd8                TIM3_IRQHandler
                0x08004dd8                RCC_IRQHandler
                0x08004dd8                TIM1_TRG_COM_IRQHandler
                0x08004dd8                DMA1_Channel1_IRQHandler
                0x08004dd8                Default_Handler
                0x08004dd8                EXTI15_10_IRQHandler
                0x08004dd8                EXTI9_5_IRQHandler
                0x08004dd8                SPI2_IRQHandler
                0x08004dd8                DMA1_Channel5_IRQHandler
                0x08004dd8                EXTI4_IRQHandler
                0x08004dd8                USB_LP_CAN1_RX0_IRQHandler
                0x08004dd8                USB_HP_CAN1_TX_IRQHandler
                0x08004dd8                DMA1_Channel3_IRQHandler
                0x08004dd8                WWDG_IRQHandler
                0x08004dd8                TIM2_IRQHandler
                0x08004dd8                TIM1_BRK_IRQHandler
                0x08004dd8                EXTI1_IRQHandler
                0x08004dd8                I2C2_ER_IRQHandler
                0x08004dd8                DMA1_Channel2_IRQHandler
                0x08004dd8                CAN1_SCE_IRQHandler
                0x08004dd8                FLASH_IRQHandler
                0x08004dd8                USART1_IRQHandler
                0x08004dd8                I2C1_ER_IRQHandler
                0x08004dd8                USBWakeUp_IRQHandler
 .text.atof     0x08004dda        0x6 c:/program files (x86)/gcc-arm-none-eabi-10.3-2021.10-win32/gcc-arm-none-eabi-10.3-2021.10/bin/../lib/gcc/arm-none-eabi/10.3.1/../../../../arm-none-eabi/lib/thumb/v7-m/nofp\libc_nano.a(lib_a-atof.o)
                0x08004dda                atof
 .text.__libc_init_array
                0x08004de0       0x48 c:/program files (x86)/gcc-arm-none-eabi-10.3-2021.10-win32/gcc-arm-none-eabi-10.3-2021.10/bin/../lib/gcc/arm-none-eabi/10.3.1/../../../../arm-none-eabi/lib/thumb/v7-m/nofp\libc_nano.a(lib_a-init.o)
                0x08004de0                __libc_init_array
 .text.memcpy   0x08004e28       0x1c c:/program files (x86)/gcc-arm-none-eabi-10.3-2021.10-win32/gcc-arm-none-eabi-10.3-2021.10/bin/../lib/gcc/arm-none-eabi/10.3.1/../../../../arm-none-eabi/lib/thumb/v7-m/nofp\libc_nano.a(lib_a-memcpy-stub.o)
                0x08004e28                memcpy
 .text.memset   0x08004e44       0x10 c:/program files (x86)/gcc-arm-none-eabi-10.3-2021.10-win32/gcc-arm-none-eabi-10.3-2021.10/bin/../lib/gcc/arm-none-eabi/10.3.1/../../../../arm-none-eabi/lib/thumb/v7-m/nofp\libc_nano.a(lib_a-memset.o)
                0x08004e44                memset
 .text.sprintf  0x08004e54       0x40 c:/program files (x86)/gcc-arm-none-eabi-10.3-2021.10-win32/gcc-arm-none-eabi-10.3-2021.10/bin/../lib/gcc/arm-none-eabi/10.3.1/../../../../arm-none-eabi/lib/thumb/v7-m/nofp\libc_nano.a(lib_a-sprintf.o)
                0x08004e54                siprintf
                0x08004e54                sprintf
 .text.sscanf   0x08004e94       0x54 c:/program files (x86)/gcc-arm-none-eabi-10.3-2021.10-win32/gcc-arm-none-eabi-10.3-2021.10/bin/../lib/gcc/arm-none-eabi/10.3.1/../../../../arm-none-eabi/lib/thumb/v7-m/nofp\libc_nano.a(lib_a-sscanf.o)
                0x08004e94                siscanf
                0x08004e94                sscanf
 .text.__sread  0x08004ee8       0x22 c:/program files (x86)/gcc-arm-none-eabi-10.3-2021.10-win32/gcc-arm-none-eabi-10.3-2021.10/bin/../lib/gcc/arm-none-eabi/10.3.1/../../../../arm-none-eabi/lib/thumb/v7-m/nofp\libc_nano.a(lib_a-stdio.o)
                0x08004ee8                __sread
 .text.__seofread
                0x08004f0a        0x4 c:/program files (x86)/gcc-arm-none-eabi-10.3-2021.10-win32/gcc-arm-none-eabi-10.3-2021.10/bin/../lib/gcc/arm-none-eabi/10.3.1/../../../../arm-none-eabi/lib/thumb/v7-m/nofp\libc_nano.a(lib_a-stdio.o)
                0x08004f0a                __seofread
 .text.__swrite
                0x08004f0e       0x38 c:/program files (x86)/gcc-arm-none-eabi-10.3-2021.10-win32/gcc-arm-none-eabi-10.3-2021.10/bin/../lib/gcc/arm-none-eabi/10.3.1/../../../../arm-none-eabi/lib/thumb/v7-m/nofp\libc_nano.a(lib_a-stdio.o)
                0x08004f0e                __swrite
 .text.__sseek  0x08004f46       0x24 c:/program files (x86)/gcc-arm-none-eabi-10.3-2021.10-win32/gcc-arm-none-eabi-10.3-2021.10/bin/../lib/gcc/arm-none-eabi/10.3.1/../../../../arm-none-eabi/lib/thumb/v7-m/nofp\libc_nano.a(lib_a-stdio.o)
                0x08004f46                __sseek
 .text.__sclose
                0x08004f6a        0x8 c:/program files (x86)/gcc-arm-none-eabi-10.3-2021.10-win32/gcc-arm-none-eabi-10.3-2021.10/bin/../lib/gcc/arm-none-eabi/10.3.1/../../../../arm-none-eabi/lib/thumb/v7-m/nofp\libc_nano.a(lib_a-stdio.o)
                0x08004f6a                __sclose
 .text.strchr   0x08004f72       0x1a c:/program files (x86)/gcc-arm-none-eabi-10.3-2021.10-win32/gcc-arm-none-eabi-10.3-2021.10/bin/../lib/gcc/arm-none-eabi/10.3.1/../../../../arm-none-eabi/lib/thumb/v7-m/nofp\libc_nano.a(lib_a-strchr.o)
                0x08004f72                strchr
 .text.strncmp  0x08004f8c       0x28 c:/program files (x86)/gcc-arm-none-eabi-10.3-2021.10-win32/gcc-arm-none-eabi-10.3-2021.10/bin/../lib/gcc/arm-none-eabi/10.3.1/../../../../arm-none-eabi/lib/thumb/v7-m/nofp\libc_nano.a(lib_a-strncmp.o)
                0x08004f8c                strncmp
 .text.strstr   0x08004fb4       0x2c c:/program files (x86)/gcc-arm-none-eabi-10.3-2021.10-win32/gcc-arm-none-eabi-10.3-2021.10/bin/../lib/gcc/arm-none-eabi/10.3.1/../../../../arm-none-eabi/lib/thumb/v7-m/nofp\libc_nano.a(lib_a-strstr.o)
                0x08004fb4                strstr
 .text.sulp     0x08004fe0       0x42 c:/program files (x86)/gcc-arm-none-eabi-10.3-2021.10-win32/gcc-arm-none-eabi-10.3-2021.10/bin/../lib/gcc/arm-none-eabi/10.3.1/../../../../arm-none-eabi/lib/thumb/v7-m/nofp\libc_nano.a(lib_a-strtod.o)
 *fill*         0x08005022        0x6 
 .text._strtod_l
                0x08005028      0xbd0 c:/program files (x86)/gcc-arm-none-eabi-10.3-2021.10-win32/gcc-arm-none-eabi-10.3-2021.10/bin/../lib/gcc/arm-none-eabi/10.3.1/../../../../arm-none-eabi/lib/thumb/v7-m/nofp\libc_nano.a(lib_a-strtod.o)
                0x08005028                _strtod_l
 .text.strtod   0x08005bf8       0x18 c:/program files (x86)/gcc-arm-none-eabi-10.3-2021.10-win32/gcc-arm-none-eabi-10.3-2021.10/bin/../lib/gcc/arm-none-eabi/10.3.1/../../../../arm-none-eabi/lib/thumb/v7-m/nofp\libc_nano.a(lib_a-strtod.o)
                0x08005bf8                strtod
 .text._write_r
                0x08005c10       0x24 c:/program files (x86)/gcc-arm-none-eabi-10.3-2021.10-win32/gcc-arm-none-eabi-10.3-2021.10/bin/../lib/gcc/arm-none-eabi/10.3.1/../../../../arm-none-eabi/lib/thumb/v7-m/nofp\libc_nano.a(lib_a-writer.o)
                0x08005c10                _write_r
 .text._close_r
                0x08005c34       0x20 c:/program files (x86)/gcc-arm-none-eabi-10.3-2021.10-win32/gcc-arm-none-eabi-10.3-2021.10/bin/../lib/gcc/arm-none-eabi/10.3.1/../../../../arm-none-eabi/lib/thumb/v7-m/nofp\libc_nano.a(lib_a-closer.o)
                0x08005c34                _close_r
 .text.rshift   0x08005c54       0xa6 c:/program files (x86)/gcc-arm-none-eabi-10.3-2021.10-win32/gcc-arm-none-eabi-10.3-2021.10/bin/../lib/gcc/arm-none-eabi/10.3.1/../../../../arm-none-eabi/lib/thumb/v7-m/nofp\libc_nano.a(lib_a-gdtoa-gethex.o)
 .text.__hexdig_fun
                0x08005cfa       0x2a c:/program files (x86)/gcc-arm-none-eabi-10.3-2021.10-win32/gcc-arm-none-eabi-10.3-2021.10/bin/../lib/gcc/arm-none-eabi/10.3.1/../../../../arm-none-eabi/lib/thumb/v7-m/nofp\libc_nano.a(lib_a-gdtoa-gethex.o)
                0x08005cfa                __hexdig_fun
 .text.__gethex
                0x08005d24      0x478 c:/program files (x86)/gcc-arm-none-eabi-10.3-2021.10-win32/gcc-arm-none-eabi-10.3-2021.10/bin/../lib/gcc/arm-none-eabi/10.3.1/../../../../arm-none-eabi/lib/thumb/v7-m/nofp\libc_nano.a(lib_a-gdtoa-gethex.o)
                0x08005d24                __gethex
 .text.L_shift  0x0800619c       0x24 c:/program files (x86)/gcc-arm-none-eabi-10.3-2021.10-win32/gcc-arm-none-eabi-10.3-2021.10/bin/../lib/gcc/arm-none-eabi/10.3.1/../../../../arm-none-eabi/lib/thumb/v7-m/nofp\libc_nano.a(lib_a-gdtoa-hexnan.o)
 .text.__match  0x080061c0       0x28 c:/program files (x86)/gcc-arm-none-eabi-10.3-2021.10-win32/gcc-arm-none-eabi-10.3-2021.10/bin/../lib/gcc/arm-none-eabi/10.3.1/../../../../arm-none-eabi/lib/thumb/v7-m/nofp\libc_nano.a(lib_a-gdtoa-hexnan.o)
                0x080061c0                __match
 .text.__hexnan
                0x080061e8      0x138 c:/program files (x86)/gcc-arm-none-eabi-10.3-2021.10-win32/gcc-arm-none-eabi-10.3-2021.10/bin/../lib/gcc/arm-none-eabi/10.3.1/../../../../arm-none-eabi/lib/thumb/v7-m/nofp\libc_nano.a(lib_a-gdtoa-hexnan.o)
                0x080061e8                __hexnan
 .text._lseek_r
                0x08006320       0x24 c:/program files (x86)/gcc-arm-none-eabi-10.3-2021.10-win32/gcc-arm-none-eabi-10.3-2021.10/bin/../lib/gcc/arm-none-eabi/10.3.1/../../../../arm-none-eabi/lib/thumb/v7-m/nofp\libc_nano.a(lib_a-lseekr.o)
                0x08006320                _lseek_r
 .text.__ascii_mbtowc
                0x08006344       0x24 c:/program files (x86)/gcc-arm-none-eabi-10.3-2021.10-win32/gcc-arm-none-eabi-10.3-2021.10/bin/../lib/gcc/arm-none-eabi/10.3.1/../../../../arm-none-eabi/lib/thumb/v7-m/nofp\libc_nano.a(lib_a-mbtowc_r.o)
                0x08006344                __ascii_mbtowc
 .text._Balloc  0x08006368       0x80 c:/program files (x86)/gcc-arm-none-eabi-10.3-2021.10-win32/gcc-arm-none-eabi-10.3-2021.10/bin/../lib/gcc/arm-none-eabi/10.3.1/../../../../arm-none-eabi/lib/thumb/v7-m/nofp\libc_nano.a(lib_a-mprec.o)
                0x08006368                _Balloc
 .text._Bfree   0x080063e8       0x44 c:/program files (x86)/gcc-arm-none-eabi-10.3-2021.10-win32/gcc-arm-none-eabi-10.3-2021.10/bin/../lib/gcc/arm-none-eabi/10.3.1/../../../../arm-none-eabi/lib/thumb/v7-m/nofp\libc_nano.a(lib_a-mprec.o)
                0x080063e8                _Bfree
 .text.__multadd
                0x0800642c       0x8c c:/program files (x86)/gcc-arm-none-eabi-10.3-2021.10-win32/gcc-arm-none-eabi-10.3-2021.10/bin/../lib/gcc/arm-none-eabi/10.3.1/../../../../arm-none-eabi/lib/thumb/v7-m/nofp\libc_nano.a(lib_a-mprec.o)
                0x0800642c                __multadd
 .text.__s2b    0x080064b8       0x94 c:/program files (x86)/gcc-arm-none-eabi-10.3-2021.10-win32/gcc-arm-none-eabi-10.3-2021.10/bin/../lib/gcc/arm-none-eabi/10.3.1/../../../../arm-none-eabi/lib/thumb/v7-m/nofp\libc_nano.a(lib_a-mprec.o)
                0x080064b8                __s2b
 .text.__hi0bits
                0x0800654c       0x40 c:/program files (x86)/gcc-arm-none-eabi-10.3-2021.10-win32/gcc-arm-none-eabi-10.3-2021.10/bin/../lib/gcc/arm-none-eabi/10.3.1/../../../../arm-none-eabi/lib/thumb/v7-m/nofp\libc_nano.a(lib_a-mprec.o)
                0x0800654c                __hi0bits
 .text.__lo0bits
                0x0800658c       0x5a c:/program files (x86)/gcc-arm-none-eabi-10.3-2021.10-win32/gcc-arm-none-eabi-10.3-2021.10/bin/../lib/gcc/arm-none-eabi/10.3.1/../../../../arm-none-eabi/lib/thumb/v7-m/nofp\libc_nano.a(lib_a-mprec.o)
                0x0800658c                __lo0bits
 *fill*         0x080065e6        0x2 
 .text.__i2b    0x080065e8       0x2c c:/program files (x86)/gcc-arm-none-eabi-10.3-2021.10-win32/gcc-arm-none-eabi-10.3-2021.10/bin/../lib/gcc/arm-none-eabi/10.3.1/../../../../arm-none-eabi/lib/thumb/v7-m/nofp\libc_nano.a(lib_a-mprec.o)
                0x080065e8                __i2b
 .text.__multiply
                0x08006614      0x150 c:/program files (x86)/gcc-arm-none-eabi-10.3-2021.10-win32/gcc-arm-none-eabi-10.3-2021.10/bin/../lib/gcc/arm-none-eabi/10.3.1/../../../../arm-none-eabi/lib/thumb/v7-m/nofp\libc_nano.a(lib_a-mprec.o)
                0x08006614                __multiply
 .text.__pow5mult
                0x08006764       0xb4 c:/program files (x86)/gcc-arm-none-eabi-10.3-2021.10-win32/gcc-arm-none-eabi-10.3-2021.10/bin/../lib/gcc/arm-none-eabi/10.3.1/../../../../arm-none-eabi/lib/thumb/v7-m/nofp\libc_nano.a(lib_a-mprec.o)
                0x08006764                __pow5mult
 .text.__lshift
                0x08006818       0xe0 c:/program files (x86)/gcc-arm-none-eabi-10.3-2021.10-win32/gcc-arm-none-eabi-10.3-2021.10/bin/../lib/gcc/arm-none-eabi/10.3.1/../../../../arm-none-eabi/lib/thumb/v7-m/nofp\libc_nano.a(lib_a-mprec.o)
                0x08006818                __lshift
 .text.__mcmp   0x080068f8       0x36 c:/program files (x86)/gcc-arm-none-eabi-10.3-2021.10-win32/gcc-arm-none-eabi-10.3-2021.10/bin/../lib/gcc/arm-none-eabi/10.3.1/../../../../arm-none-eabi/lib/thumb/v7-m/nofp\libc_nano.a(lib_a-mprec.o)
                0x080068f8                __mcmp
 *fill*         0x0800692e        0x2 
 .text.__mdiff  0x08006930      0x118 c:/program files (x86)/gcc-arm-none-eabi-10.3-2021.10-win32/gcc-arm-none-eabi-10.3-2021.10/bin/../lib/gcc/arm-none-eabi/10.3.1/../../../../arm-none-eabi/lib/thumb/v7-m/nofp\libc_nano.a(lib_a-mprec.o)
                0x08006930                __mdiff
 .text.__ulp    0x08006a48       0x4c c:/program files (x86)/gcc-arm-none-eabi-10.3-2021.10-win32/gcc-arm-none-eabi-10.3-2021.10/bin/../lib/gcc/arm-none-eabi/10.3.1/../../../../arm-none-eabi/lib/thumb/v7-m/nofp\libc_nano.a(lib_a-mprec.o)
                0x08006a48                __ulp
 .text.__b2d    0x08006a94       0xa8 c:/program files (x86)/gcc-arm-none-eabi-10.3-2021.10-win32/gcc-arm-none-eabi-10.3-2021.10/bin/../lib/gcc/arm-none-eabi/10.3.1/../../../../arm-none-eabi/lib/thumb/v7-m/nofp\libc_nano.a(lib_a-mprec.o)
                0x08006a94                __b2d
 .text.__d2b    0x08006b3c       0xb8 c:/program files (x86)/gcc-arm-none-eabi-10.3-2021.10-win32/gcc-arm-none-eabi-10.3-2021.10/bin/../lib/gcc/arm-none-eabi/10.3.1/../../../../arm-none-eabi/lib/thumb/v7-m/nofp\libc_nano.a(lib_a-mprec.o)
                0x08006b3c                __d2b
 .text.__ratio  0x08006bf4       0x5c c:/program files (x86)/gcc-arm-none-eabi-10.3-2021.10-win32/gcc-arm-none-eabi-10.3-2021.10/bin/../lib/gcc/arm-none-eabi/10.3.1/../../../../arm-none-eabi/lib/thumb/v7-m/nofp\libc_nano.a(lib_a-mprec.o)
                0x08006bf4                __ratio
 .text.__copybits
                0x08006c50       0x46 c:/program files (x86)/gcc-arm-none-eabi-10.3-2021.10-win32/gcc-arm-none-eabi-10.3-2021.10/bin/../lib/gcc/arm-none-eabi/10.3.1/../../../../arm-none-eabi/lib/thumb/v7-m/nofp\libc_nano.a(lib_a-mprec.o)
                0x08006c50                __copybits
 .text.__any_on
                0x08006c96       0x42 c:/program files (x86)/gcc-arm-none-eabi-10.3-2021.10-win32/gcc-arm-none-eabi-10.3-2021.10/bin/../lib/gcc/arm-none-eabi/10.3.1/../../../../arm-none-eabi/lib/thumb/v7-m/nofp\libc_nano.a(lib_a-mprec.o)
                0x08006c96                __any_on
 .text._calloc_r
                0x08006cd8       0x28 c:/program files (x86)/gcc-arm-none-eabi-10.3-2021.10-win32/gcc-arm-none-eabi-10.3-2021.10/bin/../lib/gcc/arm-none-eabi/10.3.1/../../../../arm-none-eabi/lib/thumb/v7-m/nofp\libc_nano.a(lib_a-nano-callocr.o)
                0x08006cd8                _calloc_r
 .text.sbrk_aligned
                0x08006d00       0x40 c:/program files (x86)/gcc-arm-none-eabi-10.3-2021.10-win32/gcc-arm-none-eabi-10.3-2021.10/bin/../lib/gcc/arm-none-eabi/10.3.1/../../../../arm-none-eabi/lib/thumb/v7-m/nofp\libc_nano.a(lib_a-nano-mallocr.o)
 .text._malloc_r
                0x08006d40       0xe8 c:/program files (x86)/gcc-arm-none-eabi-10.3-2021.10-win32/gcc-arm-none-eabi-10.3-2021.10/bin/../lib/gcc/arm-none-eabi/10.3.1/../../../../arm-none-eabi/lib/thumb/v7-m/nofp\libc_nano.a(lib_a-nano-mallocr.o)
                0x08006d40                _malloc_r
 .text.__ssputs_r
                0x08006e28       0xb6 c:/program files (x86)/gcc-arm-none-eabi-10.3-2021.10-win32/gcc-arm-none-eabi-10.3-2021.10/bin/../lib/gcc/arm-none-eabi/10.3.1/../../../../arm-none-eabi/lib/thumb/v7-m/nofp\libc_nano.a(lib_a-nano-svfprintf.o)
                0x08006e28                __ssputs_r
 *fill*         0x08006ede        0x2 
 .text._svfprintf_r
                0x08006ee0      0x200 c:/program files (x86)/gcc-arm-none-eabi-10.3-2021.10-win32/gcc-arm-none-eabi-10.3-2021.10/bin/../lib/gcc/arm-none-eabi/10.3.1/../../../../arm-none-eabi/lib/thumb/v7-m/nofp\libc_nano.a(lib_a-nano-svfprintf.o)
                0x08006ee0                _svfiprintf_r
                0x08006ee0                _svfprintf_r
 .text._sungetc_r
                0x080070e0       0x7a c:/program files (x86)/gcc-arm-none-eabi-10.3-2021.10-win32/gcc-arm-none-eabi-10.3-2021.10/bin/../lib/gcc/arm-none-eabi/10.3.1/../../../../arm-none-eabi/lib/thumb/v7-m/nofp\libc_nano.a(lib_a-nano-svfscanf.o)
                0x080070e0                _sungetc_r
 .text.__ssrefill_r
                0x0800715a       0x3a c:/program files (x86)/gcc-arm-none-eabi-10.3-2021.10-win32/gcc-arm-none-eabi-10.3-2021.10/bin/../lib/gcc/arm-none-eabi/10.3.1/../../../../arm-none-eabi/lib/thumb/v7-m/nofp\libc_nano.a(lib_a-nano-svfscanf.o)
                0x0800715a                __ssrefill_r
 .text.__ssvfscanf_r
                0x08007194      0x2f4 c:/program files (x86)/gcc-arm-none-eabi-10.3-2021.10-win32/gcc-arm-none-eabi-10.3-2021.10/bin/../lib/gcc/arm-none-eabi/10.3.1/../../../../arm-none-eabi/lib/thumb/v7-m/nofp\libc_nano.a(lib_a-nano-svfscanf.o)
                0x08007194                __ssvfiscanf_r
                0x08007194                __ssvfscanf_r
 .text._printf_common
                0x08007488       0xde c:/program files (x86)/gcc-arm-none-eabi-10.3-2021.10-win32/gcc-arm-none-eabi-10.3-2021.10/bin/../lib/gcc/arm-none-eabi/10.3.1/../../../../arm-none-eabi/lib/thumb/v7-m/nofp\libc_nano.a(lib_a-nano-vfprintf_i.o)
                0x08007488                _printf_common
 *fill*         0x08007566        0x2 
 .text._printf_i
                0x08007568      0x24c c:/program files (x86)/gcc-arm-none-eabi-10.3-2021.10-win32/gcc-arm-none-eabi-10.3-2021.10/bin/../lib/gcc/arm-none-eabi/10.3.1/../../../../arm-none-eabi/lib/thumb/v7-m/nofp\libc_nano.a(lib_a-nano-vfprintf_i.o)
                0x08007568                _printf_i
 .text._scanf_chars
                0x080077b4       0xb4 c:/program files (x86)/gcc-arm-none-eabi-10.3-2021.10-win32/gcc-arm-none-eabi-10.3-2021.10/bin/../lib/gcc/arm-none-eabi/10.3.1/../../../../arm-none-eabi/lib/thumb/v7-m/nofp\libc_nano.a(lib_a-nano-vfscanf_i.o)
                0x080077b4                _scanf_chars
 .text._scanf_i
                0x08007868      0x1f0 c:/program files (x86)/gcc-arm-none-eabi-10.3-2021.10-win32/gcc-arm-none-eabi-10.3-2021.10/bin/../lib/gcc/arm-none-eabi/10.3.1/../../../../arm-none-eabi/lib/thumb/v7-m/nofp\libc_nano.a(lib_a-nano-vfscanf_i.o)
                0x08007868                _scanf_i
 .text._read_r  0x08007a58       0x24 c:/program files (x86)/gcc-arm-none-eabi-10.3-2021.10-win32/gcc-arm-none-eabi-10.3-2021.10/bin/../lib/gcc/arm-none-eabi/10.3.1/../../../../arm-none-eabi/lib/thumb/v7-m/nofp\libc_nano.a(lib_a-readr.o)
                0x08007a58                _read_r
 .text.nan      0x08007a7c        0xc c:/program files (x86)/gcc-arm-none-eabi-10.3-2021.10-win32/gcc-arm-none-eabi-10.3-2021.10/bin/../lib/gcc/arm-none-eabi/10.3.1/../../../../arm-none-eabi/lib/thumb/v7-m/nofp\libc_nano.a(lib_a-s_nan.o)
                0x08007a7c                nan
 .text._sbrk_r  0x08007a88       0x20 c:/program files (x86)/gcc-arm-none-eabi-10.3-2021.10-win32/gcc-arm-none-eabi-10.3-2021.10/bin/../lib/gcc/arm-none-eabi/10.3.1/../../../../arm-none-eabi/lib/thumb/v7-m/nofp\libc_nano.a(lib_a-sbrkr.o)
                0x08007a88                _sbrk_r
 .text.__sccl   0x08007aa8       0x70 c:/program files (x86)/gcc-arm-none-eabi-10.3-2021.10-win32/gcc-arm-none-eabi-10.3-2021.10/bin/../lib/gcc/arm-none-eabi/10.3.1/../../../../arm-none-eabi/lib/thumb/v7-m/nofp\libc_nano.a(lib_a-sccl.o)
                0x08007aa8                __sccl
 .text._strtol_l.constprop.0
                0x08007b18       0xf8 c:/program files (x86)/gcc-arm-none-eabi-10.3-2021.10-win32/gcc-arm-none-eabi-10.3-2021.10/bin/../lib/gcc/arm-none-eabi/10.3.1/../../../../arm-none-eabi/lib/thumb/v7-m/nofp\libc_nano.a(lib_a-strtol.o)
 .text._strtol_r
                0x08007c10        0x4 c:/program files (x86)/gcc-arm-none-eabi-10.3-2021.10-win32/gcc-arm-none-eabi-10.3-2021.10/bin/../lib/gcc/arm-none-eabi/10.3.1/../../../../arm-none-eabi/lib/thumb/v7-m/nofp\libc_nano.a(lib_a-strtol.o)
                0x08007c10                _strtol_r
 .text._strtoul_l.constprop.0
                0x08007c14       0xe4 c:/program files (x86)/gcc-arm-none-eabi-10.3-2021.10-win32/gcc-arm-none-eabi-10.3-2021.10/bin/../lib/gcc/arm-none-eabi/10.3.1/../../../../arm-none-eabi/lib/thumb/v7-m/nofp\libc_nano.a(lib_a-strtoul.o)
 .text._strtoul_r
                0x08007cf8        0x4 c:/program files (x86)/gcc-arm-none-eabi-10.3-2021.10-win32/gcc-arm-none-eabi-10.3-2021.10/bin/../lib/gcc/arm-none-eabi/10.3.1/../../../../arm-none-eabi/lib/thumb/v7-m/nofp\libc_nano.a(lib_a-strtoul.o)
                0x08007cf8                _strtoul_r
 .text.__submore
                0x08007cfc       0x70 c:/program files (x86)/gcc-arm-none-eabi-10.3-2021.10-win32/gcc-arm-none-eabi-10.3-2021.10/bin/../lib/gcc/arm-none-eabi/10.3.1/../../../../arm-none-eabi/lib/thumb/v7-m/nofp\libc_nano.a(lib_a-ungetc.o)
                0x08007cfc                __submore
 .text.__ascii_wctomb
                0x08007d6c       0x1a c:/program files (x86)/gcc-arm-none-eabi-10.3-2021.10-win32/gcc-arm-none-eabi-10.3-2021.10/bin/../lib/gcc/arm-none-eabi/10.3.1/../../../../arm-none-eabi/lib/thumb/v7-m/nofp\libc_nano.a(lib_a-wctomb_r.o)
                0x08007d6c                __ascii_wctomb
 *fill*         0x08007d86        0x2 
 .text.__assert_func
                0x08007d88       0x3c c:/program files (x86)/gcc-arm-none-eabi-10.3-2021.10-win32/gcc-arm-none-eabi-10.3-2021.10/bin/../lib/gcc/arm-none-eabi/10.3.1/../../../../arm-none-eabi/lib/thumb/v7-m/nofp\libc_nano.a(lib_a-assert.o)
                0x08007d88                __assert_func
 .text.__errno  0x08007dc4        0xc c:/program files (x86)/gcc-arm-none-eabi-10.3-2021.10-win32/gcc-arm-none-eabi-10.3-2021.10/bin/../lib/gcc/arm-none-eabi/10.3.1/../../../../arm-none-eabi/lib/thumb/v7-m/nofp\libc_nano.a(lib_a-errno.o)
                0x08007dc4                __errno
 .text.__sflush_r
                0x08007dd0      0x104 c:/program files (x86)/gcc-arm-none-eabi-10.3-2021.10-win32/gcc-arm-none-eabi-10.3-2021.10/bin/../lib/gcc/arm-none-eabi/10.3.1/../../../../arm-none-eabi/lib/thumb/v7-m/nofp\libc_nano.a(lib_a-fflush.o)
                0x08007dd0                __sflush_r
 .text._fflush_r
                0x08007ed4       0x78 c:/program files (x86)/gcc-arm-none-eabi-10.3-2021.10-win32/gcc-arm-none-eabi-10.3-2021.10/bin/../lib/gcc/arm-none-eabi/10.3.1/../../../../arm-none-eabi/lib/thumb/v7-m/nofp\libc_nano.a(lib_a-fflush.o)
                0x08007ed4                _fflush_r
 .text.std      0x08007f4c       0x48 c:/program files (x86)/gcc-arm-none-eabi-10.3-2021.10-win32/gcc-arm-none-eabi-10.3-2021.10/bin/../lib/gcc/arm-none-eabi/10.3.1/../../../../arm-none-eabi/lib/thumb/v7-m/nofp\libc_nano.a(lib_a-findfp.o)
 .text._cleanup_r
                0x08007f94        0xc c:/program files (x86)/gcc-arm-none-eabi-10.3-2021.10-win32/gcc-arm-none-eabi-10.3-2021.10/bin/../lib/gcc/arm-none-eabi/10.3.1/../../../../arm-none-eabi/lib/thumb/v7-m/nofp\libc_nano.a(lib_a-findfp.o)
                0x08007f94                _cleanup_r
 .text.__sfmoreglue
                0x08007fa0       0x2c c:/program files (x86)/gcc-arm-none-eabi-10.3-2021.10-win32/gcc-arm-none-eabi-10.3-2021.10/bin/../lib/gcc/arm-none-eabi/10.3.1/../../../../arm-none-eabi/lib/thumb/v7-m/nofp\libc_nano.a(lib_a-findfp.o)
                0x08007fa0                __sfmoreglue
 .text.__sfp_lock_acquire
                0x08007fcc        0xc c:/program files (x86)/gcc-arm-none-eabi-10.3-2021.10-win32/gcc-arm-none-eabi-10.3-2021.10/bin/../lib/gcc/arm-none-eabi/10.3.1/../../../../arm-none-eabi/lib/thumb/v7-m/nofp\libc_nano.a(lib_a-findfp.o)
                0x08007fcc                __sfp_lock_acquire
 .text.__sfp_lock_release
                0x08007fd8        0xc c:/program files (x86)/gcc-arm-none-eabi-10.3-2021.10-win32/gcc-arm-none-eabi-10.3-2021.10/bin/../lib/gcc/arm-none-eabi/10.3.1/../../../../arm-none-eabi/lib/thumb/v7-m/nofp\libc_nano.a(lib_a-findfp.o)
                0x08007fd8                __sfp_lock_release
 .text.__sinit_lock_acquire
                0x08007fe4        0xc c:/program files (x86)/gcc-arm-none-eabi-10.3-2021.10-win32/gcc-arm-none-eabi-10.3-2021.10/bin/../lib/gcc/arm-none-eabi/10.3.1/../../../../arm-none-eabi/lib/thumb/v7-m/nofp\libc_nano.a(lib_a-findfp.o)
                0x08007fe4                __sinit_lock_acquire
 .text.__sinit_lock_release
                0x08007ff0        0xc c:/program files (x86)/gcc-arm-none-eabi-10.3-2021.10-win32/gcc-arm-none-eabi-10.3-2021.10/bin/../lib/gcc/arm-none-eabi/10.3.1/../../../../arm-none-eabi/lib/thumb/v7-m/nofp\libc_nano.a(lib_a-findfp.o)
                0x08007ff0                __sinit_lock_release
 .text.__sinit  0x08007ffc       0x70 c:/program files (x86)/gcc-arm-none-eabi-10.3-2021.10-win32/gcc-arm-none-eabi-10.3-2021.10/bin/../lib/gcc/arm-none-eabi/10.3.1/../../../../arm-none-eabi/lib/thumb/v7-m/nofp\libc_nano.a(lib_a-findfp.o)
                0x08007ffc                __sinit
 .text.__sfp    0x0800806c       0x8c c:/program files (x86)/gcc-arm-none-eabi-10.3-2021.10-win32/gcc-arm-none-eabi-10.3-2021.10/bin/../lib/gcc/arm-none-eabi/10.3.1/../../../../arm-none-eabi/lib/thumb/v7-m/nofp\libc_nano.a(lib_a-findfp.o)
                0x0800806c                __sfp
 .text.fprintf  0x080080f8       0x24 c:/program files (x86)/gcc-arm-none-eabi-10.3-2021.10-win32/gcc-arm-none-eabi-10.3-2021.10/bin/../lib/gcc/arm-none-eabi/10.3.1/../../../../arm-none-eabi/lib/thumb/v7-m/nofp\libc_nano.a(lib_a-fprintf.o)
                0x080080f8                fiprintf
                0x080080f8                fprintf
 .text._fwalk_reent
                0x0800811c       0x3e c:/program files (x86)/gcc-arm-none-eabi-10.3-2021.10-win32/gcc-arm-none-eabi-10.3-2021.10/bin/../lib/gcc/arm-none-eabi/10.3.1/../../../../arm-none-eabi/lib/thumb/v7-m/nofp\libc_nano.a(lib_a-fwalk.o)
                0x0800811c                _fwalk_reent
 .text.__retarget_lock_init_recursive
                0x0800815a        0x2 c:/program files (x86)/gcc-arm-none-eabi-10.3-2021.10-win32/gcc-arm-none-eabi-10.3-2021.10/bin/../lib/gcc/arm-none-eabi/10.3.1/../../../../arm-none-eabi/lib/thumb/v7-m/nofp\libc_nano.a(lib_a-lock.o)
                0x0800815a                __retarget_lock_init_recursive
 .text.__retarget_lock_acquire_recursive
                0x0800815c        0x2 c:/program files (x86)/gcc-arm-none-eabi-10.3-2021.10-win32/gcc-arm-none-eabi-10.3-2021.10/bin/../lib/gcc/arm-none-eabi/10.3.1/../../../../arm-none-eabi/lib/thumb/v7-m/nofp\libc_nano.a(lib_a-lock.o)
                0x0800815c                __retarget_lock_acquire_recursive
 .text.__retarget_lock_release_recursive
                0x0800815e        0x2 c:/program files (x86)/gcc-arm-none-eabi-10.3-2021.10-win32/gcc-arm-none-eabi-10.3-2021.10/bin/../lib/gcc/arm-none-eabi/10.3.1/../../../../arm-none-eabi/lib/thumb/v7-m/nofp\libc_nano.a(lib_a-lock.o)
                0x0800815e                __retarget_lock_release_recursive
 .text.malloc   0x08008160       0x10 c:/program files (x86)/gcc-arm-none-eabi-10.3-2021.10-win32/gcc-arm-none-eabi-10.3-2021.10/bin/../lib/gcc/arm-none-eabi/10.3.1/../../../../arm-none-eabi/lib/thumb/v7-m/nofp\libc_nano.a(lib_a-malloc.o)
                0x08008160                malloc
 .text.memchr   0x08008170       0x1c c:/program files (x86)/gcc-arm-none-eabi-10.3-2021.10-win32/gcc-arm-none-eabi-10.3-2021.10/bin/../lib/gcc/arm-none-eabi/10.3.1/../../../../arm-none-eabi/lib/thumb/v7-m/nofp\libc_nano.a(lib_a-memchr-stub.o)
                0x08008170                memchr
 .text.memmove  0x0800818c       0x34 c:/program files (x86)/gcc-arm-none-eabi-10.3-2021.10-win32/gcc-arm-none-eabi-10.3-2021.10/bin/../lib/gcc/arm-none-eabi/10.3.1/../../../../arm-none-eabi/lib/thumb/v7-m/nofp\libc_nano.a(lib_a-memmove.o)
                0x0800818c                memmove
 .text.__malloc_lock
                0x080081c0        0xc c:/program files (x86)/gcc-arm-none-eabi-10.3-2021.10-win32/gcc-arm-none-eabi-10.3-2021.10/bin/../lib/gcc/arm-none-eabi/10.3.1/../../../../arm-none-eabi/lib/thumb/v7-m/nofp\libc_nano.a(lib_a-mlock.o)
                0x080081c0                __malloc_lock
 .text.__malloc_unlock
                0x080081cc        0xc c:/program files (x86)/gcc-arm-none-eabi-10.3-2021.10-win32/gcc-arm-none-eabi-10.3-2021.10/bin/../lib/gcc/arm-none-eabi/10.3.1/../../../../arm-none-eabi/lib/thumb/v7-m/nofp\libc_nano.a(lib_a-mlock.o)
                0x080081cc                __malloc_unlock
 .text._free_r  0x080081d8       0x90 c:/program files (x86)/gcc-arm-none-eabi-10.3-2021.10-win32/gcc-arm-none-eabi-10.3-2021.10/bin/../lib/gcc/arm-none-eabi/10.3.1/../../../../arm-none-eabi/lib/thumb/v7-m/nofp\libc_nano.a(lib_a-nano-freer.o)
                0x080081d8                _free_r
 .text._realloc_r
                0x08008268       0x5e c:/program files (x86)/gcc-arm-none-eabi-10.3-2021.10-win32/gcc-arm-none-eabi-10.3-2021.10/bin/../lib/gcc/arm-none-eabi/10.3.1/../../../../arm-none-eabi/lib/thumb/v7-m/nofp\libc_nano.a(lib_a-nano-reallocr.o)
                0x08008268                _realloc_r
 .text.__sfputc_r
                0x080082c6       0x2a c:/program files (x86)/gcc-arm-none-eabi-10.3-2021.10-win32/gcc-arm-none-eabi-10.3-2021.10/bin/../lib/gcc/arm-none-eabi/10.3.1/../../../../arm-none-eabi/lib/thumb/v7-m/nofp\libc_nano.a(lib_a-nano-vfprintf.o)
 .text.__sfputs_r
                0x080082f0       0x24 c:/program files (x86)/gcc-arm-none-eabi-10.3-2021.10-win32/gcc-arm-none-eabi-10.3-2021.10/bin/../lib/gcc/arm-none-eabi/10.3.1/../../../../arm-none-eabi/lib/thumb/v7-m/nofp\libc_nano.a(lib_a-nano-vfprintf.o)
                0x080082f0                __sfputs_r
 .text._vfprintf_r
                0x08008314      0x260 c:/program files (x86)/gcc-arm-none-eabi-10.3-2021.10-win32/gcc-arm-none-eabi-10.3-2021.10/bin/../lib/gcc/arm-none-eabi/10.3.1/../../../../arm-none-eabi/lib/thumb/v7-m/nofp\libc_nano.a(lib_a-nano-vfprintf.o)
                0x08008314                _vfprintf_r
                0x08008314                _vfiprintf_r
 .text.__swbuf_r
                0x08008574       0xa4 c:/program files (x86)/gcc-arm-none-eabi-10.3-2021.10-win32/gcc-arm-none-eabi-10.3-2021.10/bin/../lib/gcc/arm-none-eabi/10.3.1/../../../../arm-none-eabi/lib/thumb/v7-m/nofp\libc_nano.a(lib_a-wbuf.o)
                0x08008574                __swbuf_r
 .text.__swsetup_r
                0x08008618       0xdc c:/program files (x86)/gcc-arm-none-eabi-10.3-2021.10-win32/gcc-arm-none-eabi-10.3-2021.10/bin/../lib/gcc/arm-none-eabi/10.3.1/../../../../arm-none-eabi/lib/thumb/v7-m/nofp\libc_nano.a(lib_a-wsetup.o)
                0x08008618                __swsetup_r
 .text.abort    0x080086f4        0xe c:/program files (x86)/gcc-arm-none-eabi-10.3-2021.10-win32/gcc-arm-none-eabi-10.3-2021.10/bin/../lib/gcc/arm-none-eabi/10.3.1/../../../../arm-none-eabi/lib/thumb/v7-m/nofp\libc_nano.a(lib_a-abort.o)
                0x080086f4                abort
 .text.__swhatbuf_r
                0x08008702       0x4a c:/program files (x86)/gcc-arm-none-eabi-10.3-2021.10-win32/gcc-arm-none-eabi-10.3-2021.10/bin/../lib/gcc/arm-none-eabi/10.3.1/../../../../arm-none-eabi/lib/thumb/v7-m/nofp\libc_nano.a(lib_a-makebuf.o)
                0x08008702                __swhatbuf_r
 .text.__smakebuf_r
                0x0800874c       0x80 c:/program files (x86)/gcc-arm-none-eabi-10.3-2021.10-win32/gcc-arm-none-eabi-10.3-2021.10/bin/../lib/gcc/arm-none-eabi/10.3.1/../../../../arm-none-eabi/lib/thumb/v7-m/nofp\libc_nano.a(lib_a-makebuf.o)
                0x0800874c                __smakebuf_r
 .text._malloc_usable_size_r
                0x080087cc       0x10 c:/program files (x86)/gcc-arm-none-eabi-10.3-2021.10-win32/gcc-arm-none-eabi-10.3-2021.10/bin/../lib/gcc/arm-none-eabi/10.3.1/../../../../arm-none-eabi/lib/thumb/v7-m/nofp\libc_nano.a(lib_a-nano-msizer.o)
                0x080087cc                _malloc_usable_size_r
 .text._raise_r
                0x080087dc       0x50 c:/program files (x86)/gcc-arm-none-eabi-10.3-2021.10-win32/gcc-arm-none-eabi-10.3-2021.10/bin/../lib/gcc/arm-none-eabi/10.3.1/../../../../arm-none-eabi/lib/thumb/v7-m/nofp\libc_nano.a(lib_a-signal.o)
                0x080087dc                _raise_r
 .text.raise    0x0800882c       0x10 c:/program files (x86)/gcc-arm-none-eabi-10.3-2021.10-win32/gcc-arm-none-eabi-10.3-2021.10/bin/../lib/gcc/arm-none-eabi/10.3.1/../../../../arm-none-eabi/lib/thumb/v7-m/nofp\libc_nano.a(lib_a-signal.o)
                0x0800882c                raise
 .text._kill_r  0x0800883c       0x24 c:/program files (x86)/gcc-arm-none-eabi-10.3-2021.10-win32/gcc-arm-none-eabi-10.3-2021.10/bin/../lib/gcc/arm-none-eabi/10.3.1/../../../../arm-none-eabi/lib/thumb/v7-m/nofp\libc_nano.a(lib_a-signalr.o)
                0x0800883c                _kill_r
 .text._getpid_r
                0x08008860        0x4 c:/program files (x86)/gcc-arm-none-eabi-10.3-2021.10-win32/gcc-arm-none-eabi-10.3-2021.10/bin/../lib/gcc/arm-none-eabi/10.3.1/../../../../arm-none-eabi/lib/thumb/v7-m/nofp\libc_nano.a(lib_a-signalr.o)
                0x08008860                _getpid_r
 .text._fstat_r
                0x08008864       0x24 c:/program files (x86)/gcc-arm-none-eabi-10.3-2021.10-win32/gcc-arm-none-eabi-10.3-2021.10/bin/../lib/gcc/arm-none-eabi/10.3.1/../../../../arm-none-eabi/lib/thumb/v7-m/nofp\libc_nano.a(lib_a-fstatr.o)
                0x08008864                _fstat_r
 .text._isatty_r
                0x08008888       0x20 c:/program files (x86)/gcc-arm-none-eabi-10.3-2021.10-win32/gcc-arm-none-eabi-10.3-2021.10/bin/../lib/gcc/arm-none-eabi/10.3.1/../../../../arm-none-eabi/lib/thumb/v7-m/nofp\libc_nano.a(lib_a-isattyr.o)
                0x08008888                _isatty_r
 .text.pow      0x080088a8       0xdc c:/program files (x86)/gcc-arm-none-eabi-10.3-2021.10-win32/gcc-arm-none-eabi-10.3-2021.10/bin/../lib/gcc/arm-none-eabi/10.3.1/../../../../arm-none-eabi/lib/thumb/v7-m/nofp\libm.a(lib_a-w_pow.o)
                0x080088a8                pow
 *fill*         0x08008984        0x4 
 .text.__ieee754_pow
                0x08008988      0xb08 c:/program files (x86)/gcc-arm-none-eabi-10.3-2021.10-win32/gcc-arm-none-eabi-10.3-2021.10/bin/../lib/gcc/arm-none-eabi/10.3.1/../../../../arm-none-eabi/lib/thumb/v7-m/nofp\libm.a(lib_a-e_pow.o)
                0x08008988                __ieee754_pow
 .text.__ieee754_sqrt
                0x08009490      0x18c c:/program files (x86)/gcc-arm-none-eabi-10.3-2021.10-win32/gcc-arm-none-eabi-10.3-2021.10/bin/../lib/gcc/arm-none-eabi/10.3.1/../../../../arm-none-eabi/lib/thumb/v7-m/nofp\libm.a(lib_a-e_sqrt.o)
                0x08009490                __ieee754_sqrt
 .text.with_errno
                0x0800961c       0x18 c:/program files (x86)/gcc-arm-none-eabi-10.3-2021.10-win32/gcc-arm-none-eabi-10.3-2021.10/bin/../lib/gcc/arm-none-eabi/10.3.1/../../../../arm-none-eabi/lib/thumb/v7-m/nofp\libm.a(lib_a-math_err.o)
 .text.xflow    0x08009634       0x30 c:/program files (x86)/gcc-arm-none-eabi-10.3-2021.10-win32/gcc-arm-none-eabi-10.3-2021.10/bin/../lib/gcc/arm-none-eabi/10.3.1/../../../../arm-none-eabi/lib/thumb/v7-m/nofp\libm.a(lib_a-math_err.o)
 .text.__math_uflow
                0x08009664        0xc c:/program files (x86)/gcc-arm-none-eabi-10.3-2021.10-win32/gcc-arm-none-eabi-10.3-2021.10/bin/../lib/gcc/arm-none-eabi/10.3.1/../../../../arm-none-eabi/lib/thumb/v7-m/nofp\libm.a(lib_a-math_err.o)
                0x08009664                __math_uflow
 .text.__math_oflow
                0x08009670        0xc c:/program files (x86)/gcc-arm-none-eabi-10.3-2021.10-win32/gcc-arm-none-eabi-10.3-2021.10/bin/../lib/gcc/arm-none-eabi/10.3.1/../../../../arm-none-eabi/lib/thumb/v7-m/nofp\libm.a(lib_a-math_err.o)
                0x08009670                __math_oflow
 .text.fabs     0x0800967c        0x8 c:/program files (x86)/gcc-arm-none-eabi-10.3-2021.10-win32/gcc-arm-none-eabi-10.3-2021.10/bin/../lib/gcc/arm-none-eabi/10.3.1/../../../../arm-none-eabi/lib/thumb/v7-m/nofp\libm.a(lib_a-s_fabs.o)
                0x0800967c                fabs
 .text.finite   0x08009684        0xc c:/program files (x86)/gcc-arm-none-eabi-10.3-2021.10-win32/gcc-arm-none-eabi-10.3-2021.10/bin/../lib/gcc/arm-none-eabi/10.3.1/../../../../arm-none-eabi/lib/thumb/v7-m/nofp\libm.a(lib_a-s_finite.o)
                0x08009684                finite
 .text.scalbn   0x08009690       0xfc c:/program files (x86)/gcc-arm-none-eabi-10.3-2021.10-win32/gcc-arm-none-eabi-10.3-2021.10/bin/../lib/gcc/arm-none-eabi/10.3.1/../../../../arm-none-eabi/lib/thumb/v7-m/nofp\libm.a(lib_a-s_scalbn.o)
                0x08009690                scalbn
 .text._close   0x0800978c       0x10 c:/program files (x86)/gcc-arm-none-eabi-10.3-2021.10-win32/gcc-arm-none-eabi-10.3-2021.10/bin/../lib/gcc/arm-none-eabi/10.3.1/../../../../arm-none-eabi/lib/thumb/v7-m/nofp\libnosys.a(close.o)
                0x0800978c                _close
 .text._fstat   0x0800979c       0x10 c:/program files (x86)/gcc-arm-none-eabi-10.3-2021.10-win32/gcc-arm-none-eabi-10.3-2021.10/bin/../lib/gcc/arm-none-eabi/10.3.1/../../../../arm-none-eabi/lib/thumb/v7-m/nofp\libnosys.a(fstat.o)
                0x0800979c                _fstat
 .text._getpid  0x080097ac       0x10 c:/program files (x86)/gcc-arm-none-eabi-10.3-2021.10-win32/gcc-arm-none-eabi-10.3-2021.10/bin/../lib/gcc/arm-none-eabi/10.3.1/../../../../arm-none-eabi/lib/thumb/v7-m/nofp\libnosys.a(getpid.o)
                0x080097ac                _getpid
 .text._isatty  0x080097bc       0x10 c:/program files (x86)/gcc-arm-none-eabi-10.3-2021.10-win32/gcc-arm-none-eabi-10.3-2021.10/bin/../lib/gcc/arm-none-eabi/10.3.1/../../../../arm-none-eabi/lib/thumb/v7-m/nofp\libnosys.a(isatty.o)
                0x080097bc                _isatty
 .text._kill    0x080097cc       0x10 c:/program files (x86)/gcc-arm-none-eabi-10.3-2021.10-win32/gcc-arm-none-eabi-10.3-2021.10/bin/../lib/gcc/arm-none-eabi/10.3.1/../../../../arm-none-eabi/lib/thumb/v7-m/nofp\libnosys.a(kill.o)
                0x080097cc                _kill
 .text._lseek   0x080097dc       0x10 c:/program files (x86)/gcc-arm-none-eabi-10.3-2021.10-win32/gcc-arm-none-eabi-10.3-2021.10/bin/../lib/gcc/arm-none-eabi/10.3.1/../../../../arm-none-eabi/lib/thumb/v7-m/nofp\libnosys.a(lseek.o)
                0x080097dc                _lseek
 .text._read    0x080097ec       0x10 c:/program files (x86)/gcc-arm-none-eabi-10.3-2021.10-win32/gcc-arm-none-eabi-10.3-2021.10/bin/../lib/gcc/arm-none-eabi/10.3.1/../../../../arm-none-eabi/lib/thumb/v7-m/nofp\libnosys.a(read.o)
                0x080097ec                _read
 .text._sbrk    0x080097fc       0x1c c:/program files (x86)/gcc-arm-none-eabi-10.3-2021.10-win32/gcc-arm-none-eabi-10.3-2021.10/bin/../lib/gcc/arm-none-eabi/10.3.1/../../../../arm-none-eabi/lib/thumb/v7-m/nofp\libnosys.a(sbrk.o)
                0x080097fc                _sbrk
 .text._write   0x08009818       0x10 c:/program files (x86)/gcc-arm-none-eabi-10.3-2021.10-win32/gcc-arm-none-eabi-10.3-2021.10/bin/../lib/gcc/arm-none-eabi/10.3.1/../../../../arm-none-eabi/lib/thumb/v7-m/nofp\libnosys.a(write.o)
                0x08009818                _write
 .text._exit    0x08009828        0x4 c:/program files (x86)/gcc-arm-none-eabi-10.3-2021.10-win32/gcc-arm-none-eabi-10.3-2021.10/bin/../lib/gcc/arm-none-eabi/10.3.1/../../../../arm-none-eabi/lib/thumb/v7-m/nofp\libnosys.a(_exit.o)
                0x08009828                _exit
 *(.glue_7)
 .glue_7        0x0800982c        0x0 linker stubs
 *(.glue_7t)
 .glue_7t       0x0800982c        0x0 linker stubs
 *(.eh_frame)
 .eh_frame      0x0800982c        0x0 c:/program files (x86)/gcc-arm-none-eabi-10.3-2021.10-win32/gcc-arm-none-eabi-10.3-2021.10/bin/../lib/gcc/arm-none-eabi/10.3.1/thumb/v7-m/nofp/crtbegin.o
 *(.init)
 .init          0x0800982c        0x4 c:/program files (x86)/gcc-arm-none-eabi-10.3-2021.10-win32/gcc-arm-none-eabi-10.3-2021.10/bin/../lib/gcc/arm-none-eabi/10.3.1/thumb/v7-m/nofp/crti.o
                0x0800982c                _init
 .init          0x08009830        0x8 c:/program files (x86)/gcc-arm-none-eabi-10.3-2021.10-win32/gcc-arm-none-eabi-10.3-2021.10/bin/../lib/gcc/arm-none-eabi/10.3.1/thumb/v7-m/nofp/crtn.o
 *(.fini)
 .fini          0x08009838        0x4 c:/program files (x86)/gcc-arm-none-eabi-10.3-2021.10-win32/gcc-arm-none-eabi-10.3-2021.10/bin/../lib/gcc/arm-none-eabi/10.3.1/thumb/v7-m/nofp/crti.o
                0x08009838                _fini
 .fini          0x0800983c        0x8 c:/program files (x86)/gcc-arm-none-eabi-10.3-2021.10-win32/gcc-arm-none-eabi-10.3-2021.10/bin/../lib/gcc/arm-none-eabi/10.3.1/thumb/v7-m/nofp/crtn.o
                0x08009844                . = ALIGN (0x4)
                0x08009844                _etext = .

.vfp11_veneer   0x08009844        0x0
 .vfp11_veneer  0x08009844        0x0 linker stubs

.v4_bx          0x08009844        0x0
 .v4_bx         0x08009844        0x0 linker stubs

.iplt           0x08009844        0x0
 .iplt          0x08009844        0x0 c:/program files (x86)/gcc-arm-none-eabi-10.3-2021.10-win32/gcc-arm-none-eabi-10.3-2021.10/bin/../lib/gcc/arm-none-eabi/10.3.1/thumb/v7-m/nofp/crtbegin.o

.rodata         0x08009848      0x5a0
                0x08009848                . = ALIGN (0x4)
 *(.rodata)
 .rodata        0x08009848        0xc c:/program files (x86)/gcc-arm-none-eabi-10.3-2021.10-win32/gcc-arm-none-eabi-10.3-2021.10/bin/../lib/gcc/arm-none-eabi/10.3.1/../../../../arm-none-eabi/lib/thumb/v7-m/nofp\libc_nano.a(lib_a-nano-vfscanf_i.o)
 *(.rodata*)
 .rodata.l70_handleGPS.str1.4
                0x08009854       0x39 build/l70.o
 *fill*         0x0800988d        0x3 
 .rodata.Sim800_RxCallBack.str1.4
                0x08009890       0x38 build/MQTTSim800.o
                                 0x3c (size before relaxing)
 .rodata.HAL_RCC_GetSysClockFreq.str1.4
                0x080098c8       0x11 build/stm32f1xx_hal_rcc.o
 *fill*         0x080098d9        0x3 
 .rodata.AHBPrescTable
                0x080098dc       0x10 build/system_stm32f1xx.o
                0x080098dc                AHBPrescTable
 .rodata.APBPrescTable
                0x080098ec        0x8 build/system_stm32f1xx.o
                0x080098ec                APBPrescTable
 .rodata.vTaskSendSMS.str1.4
                0x080098f4       0x26 build/freertos.o
 *fill*         0x0800991a        0x2 
 .rodata.MX_FREERTOS_Init.str1.4
                0x0800991c       0x20 build/freertos.o
 .rodata.vTaskStartScheduler.str1.4
                0x0800993c        0x5 build/tasks.o
 *fill*         0x08009941        0x3 
 .rodata.prvCheckForValidListAndQueue.str1.4
                0x08009944        0x5 build/timers.o
 *fill*         0x08009949        0x3 
 .rodata.xTimerCreateTimerTask.str1.4
                0x0800994c        0x8 build/timers.o
 .rodata._global_impure_ptr
                0x08009954        0x4 c:/program files (x86)/gcc-arm-none-eabi-10.3-2021.10-win32/gcc-arm-none-eabi-10.3-2021.10/bin/../lib/gcc/arm-none-eabi/10.3.1/../../../../arm-none-eabi/lib/thumb/v7-m/nofp\libc_nano.a(lib_a-impure.o)
                0x08009954                _global_impure_ptr
 .rodata._strtod_l.str1.1
                0x08009958        0xc c:/program files (x86)/gcc-arm-none-eabi-10.3-2021.10-win32/gcc-arm-none-eabi-10.3-2021.10/bin/../lib/gcc/arm-none-eabi/10.3.1/../../../../arm-none-eabi/lib/thumb/v7-m/nofp\libc_nano.a(lib_a-strtod.o)
                                  0xd (size before relaxing)
 .rodata.fpi.1  0x08009964       0x14 c:/program files (x86)/gcc-arm-none-eabi-10.3-2021.10-win32/gcc-arm-none-eabi-10.3-2021.10/bin/../lib/gcc/arm-none-eabi/10.3.1/../../../../arm-none-eabi/lib/thumb/v7-m/nofp\libc_nano.a(lib_a-strtod.o)
 .rodata.fpinan.0
                0x08009978       0x14 c:/program files (x86)/gcc-arm-none-eabi-10.3-2021.10-win32/gcc-arm-none-eabi-10.3-2021.10/bin/../lib/gcc/arm-none-eabi/10.3.1/../../../../arm-none-eabi/lib/thumb/v7-m/nofp\libc_nano.a(lib_a-strtod.o)
 *fill*         0x0800998c        0x4 
 .rodata.tinytens
                0x08009990       0x28 c:/program files (x86)/gcc-arm-none-eabi-10.3-2021.10-win32/gcc-arm-none-eabi-10.3-2021.10/bin/../lib/gcc/arm-none-eabi/10.3.1/../../../../arm-none-eabi/lib/thumb/v7-m/nofp\libc_nano.a(lib_a-strtod.o)
 .rodata.__gethex.str1.1
                0x080099b8       0x97 c:/program files (x86)/gcc-arm-none-eabi-10.3-2021.10-win32/gcc-arm-none-eabi-10.3-2021.10/bin/../lib/gcc/arm-none-eabi/10.3.1/../../../../arm-none-eabi/lib/thumb/v7-m/nofp\libc_nano.a(lib_a-gdtoa-gethex.o)
 .rodata.str1.1
                0x08009a4f        0x2 c:/program files (x86)/gcc-arm-none-eabi-10.3-2021.10-win32/gcc-arm-none-eabi-10.3-2021.10/bin/../lib/gcc/arm-none-eabi/10.3.1/../../../../arm-none-eabi/lib/thumb/v7-m/nofp\libc_nano.a(lib_a-lnumeric.o)
                                  0x3 (size before relaxing)
 *fill*         0x08009a51        0x3 
 .rodata._C_numeric_locale
                0x08009a54        0xc c:/program files (x86)/gcc-arm-none-eabi-10.3-2021.10-win32/gcc-arm-none-eabi-10.3-2021.10/bin/../lib/gcc/arm-none-eabi/10.3.1/../../../../arm-none-eabi/lib/thumb/v7-m/nofp\libc_nano.a(lib_a-lnumeric.o)
                0x08009a54                _C_numeric_locale
 .rodata._setlocale_r.str1.1
                0x08009a60        0x8 c:/program files (x86)/gcc-arm-none-eabi-10.3-2021.10-win32/gcc-arm-none-eabi-10.3-2021.10/bin/../lib/gcc/arm-none-eabi/10.3.1/../../../../arm-none-eabi/lib/thumb/v7-m/nofp\libc_nano.a(lib_a-locale.o)
                                  0x9 (size before relaxing)
 .rodata.str1.1
                0x08009a68        0x2 c:/program files (x86)/gcc-arm-none-eabi-10.3-2021.10-win32/gcc-arm-none-eabi-10.3-2021.10/bin/../lib/gcc/arm-none-eabi/10.3.1/../../../../arm-none-eabi/lib/thumb/v7-m/nofp\libc_nano.a(lib_a-locale.o)
 .rodata._Balloc.str1.1
                0x08009a68       0x96 c:/program files (x86)/gcc-arm-none-eabi-10.3-2021.10-win32/gcc-arm-none-eabi-10.3-2021.10/bin/../lib/gcc/arm-none-eabi/10.3.1/../../../../arm-none-eabi/lib/thumb/v7-m/nofp\libc_nano.a(lib_a-mprec.o)
 .rodata.__multadd.str1.1
                0x08009afe       0x11 c:/program files (x86)/gcc-arm-none-eabi-10.3-2021.10-win32/gcc-arm-none-eabi-10.3-2021.10/bin/../lib/gcc/arm-none-eabi/10.3.1/../../../../arm-none-eabi/lib/thumb/v7-m/nofp\libc_nano.a(lib_a-mprec.o)
 *fill*         0x08009afe        0x2 
 .rodata.__mprec_bigtens
                0x08009b00       0x28 c:/program files (x86)/gcc-arm-none-eabi-10.3-2021.10-win32/gcc-arm-none-eabi-10.3-2021.10/bin/../lib/gcc/arm-none-eabi/10.3.1/../../../../arm-none-eabi/lib/thumb/v7-m/nofp\libc_nano.a(lib_a-mprec.o)
                0x08009b00                __mprec_bigtens
 .rodata.__mprec_tens
                0x08009b28       0xc8 c:/program files (x86)/gcc-arm-none-eabi-10.3-2021.10-win32/gcc-arm-none-eabi-10.3-2021.10/bin/../lib/gcc/arm-none-eabi/10.3.1/../../../../arm-none-eabi/lib/thumb/v7-m/nofp\libc_nano.a(lib_a-mprec.o)
                0x08009b28                __mprec_tens
 .rodata.p05.0  0x08009bf0        0xc c:/program files (x86)/gcc-arm-none-eabi-10.3-2021.10-win32/gcc-arm-none-eabi-10.3-2021.10/bin/../lib/gcc/arm-none-eabi/10.3.1/../../../../arm-none-eabi/lib/thumb/v7-m/nofp\libc_nano.a(lib_a-mprec.o)
 .rodata._svfprintf_r.str1.1
                0x08009bfc       0x11 c:/program files (x86)/gcc-arm-none-eabi-10.3-2021.10-win32/gcc-arm-none-eabi-10.3-2021.10/bin/../lib/gcc/arm-none-eabi/10.3.1/../../../../arm-none-eabi/lib/thumb/v7-m/nofp\libc_nano.a(lib_a-nano-svfprintf.o)
 .rodata.__ssvfscanf_r.str1.1
                0x08009c0d        0x4 c:/program files (x86)/gcc-arm-none-eabi-10.3-2021.10-win32/gcc-arm-none-eabi-10.3-2021.10/bin/../lib/gcc/arm-none-eabi/10.3.1/../../../../arm-none-eabi/lib/thumb/v7-m/nofp\libc_nano.a(lib_a-nano-svfscanf.o)
 .rodata._printf_i.str1.1
                0x08009c0d       0x22 c:/program files (x86)/gcc-arm-none-eabi-10.3-2021.10-win32/gcc-arm-none-eabi-10.3-2021.10/bin/../lib/gcc/arm-none-eabi/10.3.1/../../../../arm-none-eabi/lib/thumb/v7-m/nofp\libc_nano.a(lib_a-nano-vfprintf_i.o)
 .rodata.str1.1
                0x08009c2f        0x9 c:/program files (x86)/gcc-arm-none-eabi-10.3-2021.10-win32/gcc-arm-none-eabi-10.3-2021.10/bin/../lib/gcc/arm-none-eabi/10.3.1/../../../../arm-none-eabi/lib/thumb/v7-m/nofp\libc_nano.a(lib_a-nano-vfscanf_i.o)
 .rodata._scanf_i.str1.1
                0x08009c38       0x12 c:/program files (x86)/gcc-arm-none-eabi-10.3-2021.10-win32/gcc-arm-none-eabi-10.3-2021.10/bin/../lib/gcc/arm-none-eabi/10.3.1/../../../../arm-none-eabi/lib/thumb/v7-m/nofp\libc_nano.a(lib_a-nano-vfscanf_i.o)
 .rodata.__assert_func.str1.1
                0x08009c4a       0x3c c:/program files (x86)/gcc-arm-none-eabi-10.3-2021.10-win32/gcc-arm-none-eabi-10.3-2021.10/bin/../lib/gcc/arm-none-eabi/10.3.1/../../../../arm-none-eabi/lib/thumb/v7-m/nofp\libc_nano.a(lib_a-assert.o)
                                 0x3d (size before relaxing)
 .rodata._ctype_
                0x08009c86      0x101 c:/program files (x86)/gcc-arm-none-eabi-10.3-2021.10-win32/gcc-arm-none-eabi-10.3-2021.10/bin/../lib/gcc/arm-none-eabi/10.3.1/../../../../arm-none-eabi/lib/thumb/v7-m/nofp\libc_nano.a(lib_a-ctype_.o)
                0x08009c86                _ctype_
 *fill*         0x08009d87        0x1 
 .rodata.__sf_fake_stderr
                0x08009d88       0x20 c:/program files (x86)/gcc-arm-none-eabi-10.3-2021.10-win32/gcc-arm-none-eabi-10.3-2021.10/bin/../lib/gcc/arm-none-eabi/10.3.1/../../../../arm-none-eabi/lib/thumb/v7-m/nofp\libc_nano.a(lib_a-findfp.o)
                0x08009d88                __sf_fake_stderr
 .rodata.__sf_fake_stdin
                0x08009da8       0x20 c:/program files (x86)/gcc-arm-none-eabi-10.3-2021.10-win32/gcc-arm-none-eabi-10.3-2021.10/bin/../lib/gcc/arm-none-eabi/10.3.1/../../../../arm-none-eabi/lib/thumb/v7-m/nofp\libc_nano.a(lib_a-findfp.o)
                0x08009da8                __sf_fake_stdin
 .rodata.__sf_fake_stdout
                0x08009dc8       0x20 c:/program files (x86)/gcc-arm-none-eabi-10.3-2021.10-win32/gcc-arm-none-eabi-10.3-2021.10/bin/../lib/gcc/arm-none-eabi/10.3.1/../../../../arm-none-eabi/lib/thumb/v7-m/nofp\libc_nano.a(lib_a-findfp.o)
                0x08009dc8                __sf_fake_stdout
 .rodata._vfprintf_r.str1.1
                0x08009de8       0x11 c:/program files (x86)/gcc-arm-none-eabi-10.3-2021.10-win32/gcc-arm-none-eabi-10.3-2021.10/bin/../lib/gcc/arm-none-eabi/10.3.1/../../../../arm-none-eabi/lib/thumb/v7-m/nofp\libc_nano.a(lib_a-nano-vfprintf.o)
                0x08009dfc                . = ALIGN (0x4)

.rel.dyn        0x08009de8        0x0
 .rel.iplt      0x08009de8        0x0 c:/program files (x86)/gcc-arm-none-eabi-10.3-2021.10-win32/gcc-arm-none-eabi-10.3-2021.10/bin/../lib/gcc/arm-none-eabi/10.3.1/thumb/v7-m/nofp/crtbegin.o

.ARM.extab
 *(.ARM.extab* .gnu.linkonce.armextab.*)

.ARM            0x08009de8        0x0
                0x08009de8                __exidx_start = .
 *(.ARM.exidx*)
                0x08009de8                __exidx_end = .

.preinit_array  0x08009de8        0x0
                0x08009de8                PROVIDE (__preinit_array_start = .)
 *(.preinit_array*)
                0x08009de8                PROVIDE (__preinit_array_end = .)

.init_array     0x08009de8        0x4
                0x08009de8                PROVIDE (__init_array_start = .)
 *(SORT_BY_NAME(.init_array.*))
 *(.init_array*)
 .init_array    0x08009de8        0x4 c:/program files (x86)/gcc-arm-none-eabi-10.3-2021.10-win32/gcc-arm-none-eabi-10.3-2021.10/bin/../lib/gcc/arm-none-eabi/10.3.1/thumb/v7-m/nofp/crtbegin.o
                0x08009dec                PROVIDE (__init_array_end = .)

.fini_array     0x08009dec        0x4
                [!provide]                PROVIDE (__fini_array_start = .)
 *(SORT_BY_NAME(.fini_array.*))
 *(.fini_array*)
 .fini_array    0x08009dec        0x4 c:/program files (x86)/gcc-arm-none-eabi-10.3-2021.10-win32/gcc-arm-none-eabi-10.3-2021.10/bin/../lib/gcc/arm-none-eabi/10.3.1/thumb/v7-m/nofp/crtbegin.o
                [!provide]                PROVIDE (__fini_array_end = .)
                0x08009df0                _sidata = LOADADDR (.data)

.data           0x20000000      0x1e4 load address 0x08009df0
                0x20000000                . = ALIGN (0x4)
                0x20000000                _sdata = .
 *(.data)
 *(.data*)
 .data.uwTickFreq
                0x20000000        0x1 build/stm32f1xx_hal.o
                0x20000000                uwTickFreq
 *fill*         0x20000001        0x3 
 .data.uwTickPrio
                0x20000004        0x4 build/stm32f1xx_hal.o
                0x20000004                uwTickPrio
 .data.SystemCoreClock
                0x20000008        0x4 build/system_stm32f1xx.o
                0x20000008                SystemCoreClock
 .data.uxCriticalNesting
                0x2000000c        0x4 build/port.o
 .data._impure_ptr
                0x20000010        0x4 c:/program files (x86)/gcc-arm-none-eabi-10.3-2021.10-win32/gcc-arm-none-eabi-10.3-2021.10/bin/../lib/gcc/arm-none-eabi/10.3.1/../../../../arm-none-eabi/lib/thumb/v7-m/nofp\libc_nano.a(lib_a-impure.o)
                0x20000010                _impure_ptr
 .data.impure_data
                0x20000014       0x60 c:/program files (x86)/gcc-arm-none-eabi-10.3-2021.10-win32/gcc-arm-none-eabi-10.3-2021.10/bin/../lib/gcc/arm-none-eabi/10.3.1/../../../../arm-none-eabi/lib/thumb/v7-m/nofp\libc_nano.a(lib_a-impure.o)
 .data.numempty
                0x20000074        0x2 c:/program files (x86)/gcc-arm-none-eabi-10.3-2021.10-win32/gcc-arm-none-eabi-10.3-2021.10/bin/../lib/gcc/arm-none-eabi/10.3.1/../../../../arm-none-eabi/lib/thumb/v7-m/nofp\libc_nano.a(lib_a-lnumeric.o)
 *fill*         0x20000076        0x2 
 .data.__global_locale
                0x20000078      0x16c c:/program files (x86)/gcc-arm-none-eabi-10.3-2021.10-win32/gcc-arm-none-eabi-10.3-2021.10/bin/../lib/gcc/arm-none-eabi/10.3.1/../../../../arm-none-eabi/lib/thumb/v7-m/nofp\libc_nano.a(lib_a-locale.o)
                0x20000078                __global_locale
                0x200001e4                . = ALIGN (0x4)
                0x200001e4                _edata = .

.igot.plt       0x200001e4        0x0 load address 0x08009fd4
 .igot.plt      0x200001e4        0x0 c:/program files (x86)/gcc-arm-none-eabi-10.3-2021.10-win32/gcc-arm-none-eabi-10.3-2021.10/bin/../lib/gcc/arm-none-eabi/10.3.1/thumb/v7-m/nofp/crtbegin.o
                0x200001e4                . = ALIGN (0x4)

.bss            0x200001e4     0x27b4 load address 0x08009fd4
                0x200001e4                _sbss = .
                0x200001e4                __bss_start__ = _sbss
 *(.bss)
 .bss           0x200001e4       0x1c c:/program files (x86)/gcc-arm-none-eabi-10.3-2021.10-win32/gcc-arm-none-eabi-10.3-2021.10/bin/../lib/gcc/arm-none-eabi/10.3.1/thumb/v7-m/nofp/crtbegin.o
 *(.bss*)
 .bss.SIM800    0x20000200       0xbc build/main.o
                0x20000200                SIM800
 .bss.k         0x200002bc        0x4 build/l70.o
                0x200002bc                k
 .bss.l70Data   0x200002c0        0x1 build/l70.o
                0x200002c0                l70Data
 *fill*         0x200002c1        0x3 
 .bss.l70GPGGA  0x200002c4       0x29 build/l70.o
                0x200002c4                l70GPGGA
 *fill*         0x200002ed        0x3 
 .bss.l70RxData
                0x200002f0       0x64 build/l70.o
                0x200002f0                l70RxData
 .bss.l70RxState
                0x20000354        0x1 build/l70.o
                0x20000354                l70RxState
 *fill*         0x20000355        0x3 
 .bss.bufptr    0x20000358        0x4 build/MQTTPacket.o
 .bss.mqtt_buffer
                0x2000035c      0x5b4 build/MQTTSim800.o
                0x2000035c                mqtt_buffer
 .bss.mqtt_index
                0x20000910        0x2 build/MQTTSim800.o
                0x20000910                mqtt_index
 .bss.mqtt_receive
                0x20000912        0x1 build/MQTTSim800.o
                0x20000912                mqtt_receive
 *fill*         0x20000913        0x1 
 .bss.rx_buffer
                0x20000914      0x5b4 build/MQTTSim800.o
                0x20000914                rx_buffer
 .bss.rx_data   0x20000ec8        0x1 build/MQTTSim800.o
                0x20000ec8                rx_data
 *fill*         0x20000ec9        0x1 
 .bss.rx_index  0x20000eca        0x2 build/MQTTSim800.o
                0x20000eca                rx_index
 .bss.huart1    0x20000ecc       0x44 build/usart.o
                0x20000ecc                huart1
 .bss.huart2    0x20000f10       0x44 build/usart.o
                0x20000f10                huart2
 .bss.huart3    0x20000f54       0x44 build/usart.o
                0x20000f54                huart3
 .bss.htim1     0x20000f98       0x48 build/stm32f1xx_hal_timebase_tim.o
                0x20000f98                htim1
 .bss.uwTick    0x20000fe0        0x4 build/stm32f1xx_hal.o
                0x20000fe0                uwTick
 .bss.event_bits
                0x20000fe4        0x4 build/freertos.o
                0x20000fe4                event_bits
 .bss.event_group
                0x20000fe8        0x4 build/freertos.o
                0x20000fe8                event_group
 .bss.gps_handler
                0x20000fec        0x4 build/freertos.o
                0x20000fec                gps_handler
 .bss.latitude_queue
                0x20000ff0        0x4 build/freertos.o
                0x20000ff0                latitude_queue
 .bss.longitude_queue
                0x20000ff4        0x4 build/freertos.o
                0x20000ff4                longitude_queue
 .bss.sim_number
                0x20000ff8        0xf build/freertos.o
                0x20000ff8                sim_number
 *fill*         0x20001007        0x1 
 .bss.sms_handler
                0x20001008        0x4 build/freertos.o
                0x20001008                sms_handler
 .bss.xQueueRegistry
                0x2000100c       0x40 build/queue.o
                0x2000100c                xQueueRegistry
 .bss.pxCurrentTCB
                0x2000104c        0x4 build/tasks.o
                0x2000104c                pxCurrentTCB
 .bss.pxDelayedTaskList
                0x20001050        0x4 build/tasks.o
 .bss.pxOverflowDelayedTaskList
                0x20001054        0x4 build/tasks.o
 .bss.pxReadyTasksLists
                0x20001058      0x460 build/tasks.o
 .bss.uxCurrentNumberOfTasks
                0x200014b8        0x4 build/tasks.o
 .bss.uxDeletedTasksWaitingCleanUp
                0x200014bc        0x4 build/tasks.o
 .bss.uxPendedTicks
                0x200014c0        0x4 build/tasks.o
 .bss.uxSchedulerSuspended
                0x200014c4        0x4 build/tasks.o
 .bss.uxTaskNumber
                0x200014c8        0x4 build/tasks.o
 .bss.uxTopReadyPriority
                0x200014cc        0x4 build/tasks.o
 .bss.xDelayedTaskList1
                0x200014d0       0x14 build/tasks.o
 .bss.xDelayedTaskList2
                0x200014e4       0x14 build/tasks.o
 .bss.xIdleTaskHandle
                0x200014f8        0x4 build/tasks.o
 .bss.xNextTaskUnblockTime
                0x200014fc        0x4 build/tasks.o
 .bss.xNumOfOverflows
                0x20001500        0x4 build/tasks.o
 .bss.xPendingReadyList
                0x20001504       0x14 build/tasks.o
 .bss.xSchedulerRunning
                0x20001518        0x4 build/tasks.o
 .bss.xSuspendedTaskList
                0x2000151c       0x14 build/tasks.o
 .bss.xTasksWaitingTermination
                0x20001530       0x14 build/tasks.o
 .bss.xTickCount
                0x20001544        0x4 build/tasks.o
 .bss.xYieldPending
                0x20001548        0x4 build/tasks.o
 .bss.pxCurrentTimerList
                0x2000154c        0x4 build/timers.o
 .bss.pxOverflowTimerList
                0x20001550        0x4 build/timers.o